Archive member included to satisfy reference by file (symbol)

c:/st/stm32cubeide_1.12.1/stm32cubeide/plugins/com.st.stm32cube.ide.mcu.externaltools.gnu-tools-for-stm32.10.3-2021.10.win32_1.0.200.202301161003/tools/bin/../lib/gcc/arm-none-eabi/10.3.1/../../../../arm-none-eabi/lib/thumb/v7-m/nofp\libc_nano.a(lib_a-errno.o)
                              ./Core/Src/syscalls.o (__errno)
c:/st/stm32cubeide_1.12.1/stm32cubeide/plugins/com.st.stm32cube.ide.mcu.externaltools.gnu-tools-for-stm32.10.3-2021.10.win32_1.0.200.202301161003/tools/bin/../lib/gcc/arm-none-eabi/10.3.1/../../../../arm-none-eabi/lib/thumb/v7-m/nofp\libc_nano.a(lib_a-exit.o)
                              c:/st/stm32cubeide_1.12.1/stm32cubeide/plugins/com.st.stm32cube.ide.mcu.externaltools.gnu-tools-for-stm32.10.3-2021.10.win32_1.0.200.202301161003/tools/bin/../lib/gcc/arm-none-eabi/10.3.1/../../../../arm-none-eabi/lib/thumb/v7-m/nofp/crt0.o (exit)
c:/st/stm32cubeide_1.12.1/stm32cubeide/plugins/com.st.stm32cube.ide.mcu.externaltools.gnu-tools-for-stm32.10.3-2021.10.win32_1.0.200.202301161003/tools/bin/../lib/gcc/arm-none-eabi/10.3.1/../../../../arm-none-eabi/lib/thumb/v7-m/nofp\libc_nano.a(lib_a-impure.o)
                              c:/st/stm32cubeide_1.12.1/stm32cubeide/plugins/com.st.stm32cube.ide.mcu.externaltools.gnu-tools-for-stm32.10.3-2021.10.win32_1.0.200.202301161003/tools/bin/../lib/gcc/arm-none-eabi/10.3.1/../../../../arm-none-eabi/lib/thumb/v7-m/nofp\libc_nano.a(lib_a-exit.o) (_global_impure_ptr)
c:/st/stm32cubeide_1.12.1/stm32cubeide/plugins/com.st.stm32cube.ide.mcu.externaltools.gnu-tools-for-stm32.10.3-2021.10.win32_1.0.200.202301161003/tools/bin/../lib/gcc/arm-none-eabi/10.3.1/../../../../arm-none-eabi/lib/thumb/v7-m/nofp\libc_nano.a(lib_a-init.o)
                              c:/st/stm32cubeide_1.12.1/stm32cubeide/plugins/com.st.stm32cube.ide.mcu.externaltools.gnu-tools-for-stm32.10.3-2021.10.win32_1.0.200.202301161003/tools/bin/../lib/gcc/arm-none-eabi/10.3.1/../../../../arm-none-eabi/lib/thumb/v7-m/nofp/crt0.o (__libc_init_array)
c:/st/stm32cubeide_1.12.1/stm32cubeide/plugins/com.st.stm32cube.ide.mcu.externaltools.gnu-tools-for-stm32.10.3-2021.10.win32_1.0.200.202301161003/tools/bin/../lib/gcc/arm-none-eabi/10.3.1/../../../../arm-none-eabi/lib/thumb/v7-m/nofp\libc_nano.a(lib_a-memset.o)
                              c:/st/stm32cubeide_1.12.1/stm32cubeide/plugins/com.st.stm32cube.ide.mcu.externaltools.gnu-tools-for-stm32.10.3-2021.10.win32_1.0.200.202301161003/tools/bin/../lib/gcc/arm-none-eabi/10.3.1/../../../../arm-none-eabi/lib/thumb/v7-m/nofp/crt0.o (memset)
c:/st/stm32cubeide_1.12.1/stm32cubeide/plugins/com.st.stm32cube.ide.mcu.externaltools.gnu-tools-for-stm32.10.3-2021.10.win32_1.0.200.202301161003/tools/bin/../lib/gcc/arm-none-eabi/10.3.1/../../../../arm-none-eabi/lib/thumb/v7-m/nofp\libm.a(lib_a-w_pow.o)
                              ./Core/Src/imu.o (pow)
c:/st/stm32cubeide_1.12.1/stm32cubeide/plugins/com.st.stm32cube.ide.mcu.externaltools.gnu-tools-for-stm32.10.3-2021.10.win32_1.0.200.202301161003/tools/bin/../lib/gcc/arm-none-eabi/10.3.1/../../../../arm-none-eabi/lib/thumb/v7-m/nofp\libm.a(lib_a-w_sqrt.o)
                              ./Core/Src/imu.o (sqrt)
c:/st/stm32cubeide_1.12.1/stm32cubeide/plugins/com.st.stm32cube.ide.mcu.externaltools.gnu-tools-for-stm32.10.3-2021.10.win32_1.0.200.202301161003/tools/bin/../lib/gcc/arm-none-eabi/10.3.1/../../../../arm-none-eabi/lib/thumb/v7-m/nofp\libm.a(lib_a-wf_asin.o)
                              ./Core/Src/imu.o (asinf)
c:/st/stm32cubeide_1.12.1/stm32cubeide/plugins/com.st.stm32cube.ide.mcu.externaltools.gnu-tools-for-stm32.10.3-2021.10.win32_1.0.200.202301161003/tools/bin/../lib/gcc/arm-none-eabi/10.3.1/../../../../arm-none-eabi/lib/thumb/v7-m/nofp\libm.a(lib_a-wf_atan2.o)
                              ./Core/Src/imu.o (atan2f)
c:/st/stm32cubeide_1.12.1/stm32cubeide/plugins/com.st.stm32cube.ide.mcu.externaltools.gnu-tools-for-stm32.10.3-2021.10.win32_1.0.200.202301161003/tools/bin/../lib/gcc/arm-none-eabi/10.3.1/../../../../arm-none-eabi/lib/thumb/v7-m/nofp\libm.a(lib_a-e_pow.o)
                              c:/st/stm32cubeide_1.12.1/stm32cubeide/plugins/com.st.stm32cube.ide.mcu.externaltools.gnu-tools-for-stm32.10.3-2021.10.win32_1.0.200.202301161003/tools/bin/../lib/gcc/arm-none-eabi/10.3.1/../../../../arm-none-eabi/lib/thumb/v7-m/nofp\libm.a(lib_a-w_pow.o) (__ieee754_pow)
c:/st/stm32cubeide_1.12.1/stm32cubeide/plugins/com.st.stm32cube.ide.mcu.externaltools.gnu-tools-for-stm32.10.3-2021.10.win32_1.0.200.202301161003/tools/bin/../lib/gcc/arm-none-eabi/10.3.1/../../../../arm-none-eabi/lib/thumb/v7-m/nofp\libm.a(lib_a-e_sqrt.o)
                              c:/st/stm32cubeide_1.12.1/stm32cubeide/plugins/com.st.stm32cube.ide.mcu.externaltools.gnu-tools-for-stm32.10.3-2021.10.win32_1.0.200.202301161003/tools/bin/../lib/gcc/arm-none-eabi/10.3.1/../../../../arm-none-eabi/lib/thumb/v7-m/nofp\libm.a(lib_a-w_sqrt.o) (__ieee754_sqrt)
[...]
Memory Configuration

Name             Origin             Length             Attributes
RAM              0x0000000020000000 0x0000000000005000 xrw
FLASH            0x0000000008000000 0x0000000000010000 xr
*default*        0x0000000000000000 0xffffffffffffffff

Linker script and memory map

LOAD c:/st/stm32cubeide_1.12.1/stm32cubeide/plugins/com.st.stm32cube.ide.mcu.externaltools.gnu-tools-for-stm32.10.3-2021.10.win32_1.0.200.202301161003/tools/bin/../lib/gcc/arm-none-eabi/10.3.1/thumb/v7-m/nofp/crti.o
LOAD c:/st/stm32cubeide_1.12.1/stm32cubeide/plugins/com.st.stm32cube.ide.mcu.externaltools.gnu-tools-for-stm32.10.3-2021.10.win32_1.0.200.202301161003/tools/bin/../lib/gcc/arm-none-eabi/10.3.1/thumb/v7-m/nofp/crtbegin.o
LOAD c:/st/stm32cubeide_1.12.1/stm32cubeide/plugins/com.st.stm32cube.ide.mcu.externaltools.gnu-tools-for-stm32.10.3-2021.10.win32_1.0.200.202301161003/tools/bin/../lib/gcc/arm-none-eabi/10.3.1/../../../../arm-none-eabi/lib/thumb/v7-m/nofp/crt0.o
LOAD ./Core/Src/imu.o
LOAD ./Core/Src/main.o
LOAD ./Core/Src/stm32f1xx_hal_msp.o
LOAD ./Core/Src/stm32f1xx_it.o
LOAD ./Core/Src/syscalls.o
LOAD ./Core/Src/sysmem.o
LOAD ./Core/Src/system_stm32f1xx.o
LOAD ./Core/Startup/startup_stm32f103c8tx.o
LOAD ./Drivers/STM32F1xx_HAL_Driver/Src/stm32f1xx_hal.o
LOAD ./Drivers/STM32F1xx_HAL_Driver/Src/stm32f1xx_hal_cortex.o
LOAD ./Drivers/STM32F1xx_HAL_Driver/Src/stm32f1xx_hal_dma.o
LOAD ./Drivers/STM32F1xx_HAL_Driver/Src/stm32f1xx_hal_exti.o
LOAD ./Drivers/STM32F1xx_HAL_Driver/Src/stm32f1xx_hal_flash.o
LOAD ./Drivers/STM32F1xx_HAL_Driver/Src/stm32f1xx_hal_flash_ex.o
LOAD ./Drivers/STM32F1xx_HAL_Driver/Src/stm32f1xx_hal_gpio.o
LOAD ./Drivers/STM32F1xx_HAL_Driver/Src/stm32f1xx_hal_gpio_ex.o
LOAD ./Drivers/STM32F1xx_HAL_Driver/Src/stm32f1xx_hal_i2c.o
LOAD ./Drivers/STM32F1xx_HAL_Driver/Src/stm32f1xx_hal_pwr.o
LOAD ./Drivers/STM32F1xx_HAL_Driver/Src/stm32f1xx_hal_rcc.o
LOAD ./Drivers/STM32F1xx_HAL_Driver/Src/stm32f1xx_hal_rcc_ex.o
LOAD ./Drivers/STM32F1xx_HAL_Driver/Src/stm32f1xx_hal_tim.o
LOAD ./Drivers/STM32F1xx_HAL_Driver/Src/stm32f1xx_hal_tim_ex.o
START GROUP
LOAD c:/st/stm32cubeide_1.12.1/stm32cubeide/plugins/com.st.stm32cube.ide.mcu.externaltools.gnu-tools-for-stm32.10.3-2021.10.win32_1.0.200.202301161003/tools/bin/../lib/gcc/arm-none-eabi/10.3.1/../../../../arm-none-eabi/lib/thumb/v7-m/nofp\libc_nano.a
LOAD c:/st/stm32cubeide_1.12.1/stm32cubeide/plugins/com.st.stm32cube.ide.mcu.externaltools.gnu-tools-for-stm32.10.3-2021.10.win32_1.0.200.202301161003/tools/bin/../lib/gcc/arm-none-eabi/10.3.1/../../../../arm-none-eabi/lib/thumb/v7-m/nofp\libm.a
END GROUP
START GROUP
LOAD c:/st/stm32cubeide_1.12.1/stm32cubeide/plugins/com.st.stm32cube.ide.mcu.externaltools.gnu-tools-for-stm32.10.3-2021.10.win32_1.0.200.202301161003/tools/bin/../lib/gcc/arm-none-eabi/10.3.1/thumb/v7-m/nofp\libgcc.a
LOAD c:/st/stm32cubeide_1.12.1/stm32cubeide/plugins/com.st.stm32cube.ide.mcu.externaltools.gnu-tools-for-stm32.10.3-2021.10.win32_1.0.200.202301161003/tools/bin/../lib/gcc/arm-none-eabi/10.3.1/../../../../arm-none-eabi/lib/thumb/v7-m/nofp\libc_nano.a
END GROUP
START GROUP
LOAD c:/st/stm32cubeide_1.12.1/stm32cubeide/plugins/com.st.stm32cube.ide.mcu.externaltools.gnu-tools-for-stm32.10.3-2021.10.win32_1.0.200.202301161003/tools/bin/../lib/gcc/arm-none-eabi/10.3.1/thumb/v7-m/nofp\libgcc.a
LOAD c:/st/stm32cubeide_1.12.1/stm32cubeide/plugins/com.st.stm32cube.ide.mcu.externaltools.gnu-tools-for-stm32.10.3-2021.10.win32_1.0.200.202301161003/tools/bin/../lib/gcc/arm-none-eabi/10.3.1/../../../../arm-none-eabi/lib/thumb/v7-m/nofp\libc_nano.a
LOAD c:/st/stm32cubeide_1.12.1/stm32cubeide/plugins/com.st.stm32cube.ide.mcu.externaltools.gnu-tools-for-stm32.10.3-2021.10.win32_1.0.200.202301161003/tools/bin/../lib/gcc/arm-none-eabi/10.3.1/../../../../arm-none-eabi/lib/thumb/v7-m/nofp\libnosys.a
END GROUP
START GROUP
LOAD c:/st/stm32cubeide_1.12.1/stm32cubeide/plugins/com.st.stm32cube.ide.mcu.externaltools.gnu-tools-for-stm32.10.3-2021.10.win32_1.0.200.202301161003/tools/bin/../lib/gcc/arm-none-eabi/10.3.1/thumb/v7-m/nofp\libgcc.a
LOAD c:/st/stm32cubeide_1.12.1/stm32cubeide/plugins/com.st.stm32cube.ide.mcu.externaltools.gnu-tools-for-stm32.10.3-2021.10.win32_1.0.200.202301161003/tools/bin/../lib/gcc/arm-none-eabi/10.3.1/../../../../arm-none-eabi/lib/thumb/v7-m/nofp\libc_nano.a
LOAD c:/st/stm32cubeide_1.12.1/stm32cubeide/plugins/com.st.stm32cube.ide.mcu.externaltools.gnu-tools-for-stm32.10.3-2021.10.win32_1.0.200.202301161003/tools/bin/../lib/gcc/arm-none-eabi/10.3.1/../../../../arm-none-eabi/lib/thumb/v7-m/nofp\libnosys.a
END GROUP
LOAD c:/st/stm32cubeide_1.12.1/stm32cubeide/plugins/com.st.stm32cube.ide.mcu.externaltools.gnu-tools-for-stm32.10.3-2021.10.win32_1.0.200.202301161003/tools/bin/../lib/gcc/arm-none-eabi/10.3.1/thumb/v7-m/nofp/crtend.o
LOAD c:/st/stm32cubeide_1.12.1/stm32cubeide/plugins/com.st.stm32cube.ide.mcu.externaltools.gnu-tools-for-stm32.10.3-2021.10.win32_1.0.200.202301161003/tools/bin/../lib/gcc/arm-none-eabi/10.3.1/thumb/v7-m/nofp/crtn.o
                0x0000000020005000                _estack = (ORIGIN (RAM) + LENGTH (RAM))
                0x0000000000000200                _Min_Heap_Size = 0x200
                0x0000000000000400                _Min_Stack_Size = 0x400

.isr_vector     0x0000000008000000      0x10c
                0x0000000008000000                . = ALIGN (0x4)
 *(.isr_vector)
 .isr_vector    0x0000000008000000      0x10c ./Core/Startup/startup_stm32f103c8tx.o
                0x0000000008000000                g_pfnVectors
                0x000000000800010c                . = ALIGN (0x4)

.text           0x0000000008000110     0x8508
                0x0000000008000110                . = ALIGN (0x4)
 *(.text)
 .text          0x0000000008000110       0x40 c:/st/stm32cubeide_1.12.1/stm32cubeide/plugins/com.st.stm32cube.ide.mcu.externaltools.gnu-tools-for-stm32.10.3-2021.10.win32_1.0.200.202301161003/tools/bin/../lib/gcc/arm-none-eabi/10.3.1/thumb/v7-m/nofp/crtbegin.o
 .text          0x0000000008000150      0x378 c:/st/stm32cubeide_1.12.1/stm32cubeide/plugins/com.st.stm32cube.ide.mcu.externaltools.gnu-tools-for-stm32.10.3-2021.10.win32_1.0.200.202301161003/tools/bin/../lib/gcc/arm-none-eabi/10.3.1/thumb/v7-m/nofp\libgcc.a(_arm_addsubdf3.o)
                0x0000000008000150                __aeabi_drsub
                0x0000000008000158                __aeabi_dsub
                0x0000000008000158                __subdf3
                0x000000000800015c                __aeabi_dadd
                0x000000000800015c                __adddf3
                0x00000000080003d4                __floatunsidf
                0x00000000080003d4                __aeabi_ui2d
                0x00000000080003f4                __floatsidf
                0x00000000080003f4                __aeabi_i2d
                0x0000000008000418                __aeabi_f2d
                0x0000000008000418                __extendsfdf2
                0x000000000800045c                __floatundidf
                0x000000000800045c                __aeabi_ul2d
                0x000000000800046c                __floatdidf
                0x000000000800046c                __aeabi_l2d
 .text          0x00000000080004c8      0x424 c:/st/stm32cubeide_1.12.1/stm32cubeide/plugins/com.st.stm32cube.ide.mcu.externaltools.gnu-tools-for-stm32.10.3-2021.10.win32_1.0.200.202301161003/tools/bin/../lib/gcc/arm-none-eabi/10.3.1/thumb/v7-m/nofp\libgcc.a(_arm_muldivdf3.o)
                0x00000000080004c8                __aeabi_dmul
                0x00000000080004c8                __muldf3
                0x000000000800071c                __divdf3
                0x000000000800071c                __aeabi_ddiv
 .text          0x00000000080008ec      0x110 c:/st/stm32cubeide_1.12.1/stm32cubeide/plugins/com.st.stm32cube.ide.mcu.externaltools.gnu-tools-for-stm32.10.3-2021.10.win32_1.0.200.202301161003/tools/bin/../lib/gcc/arm-none-eabi/10.3.1/thumb/v7-m/nofp\libgcc.a(_arm_cmpdf2.o)
                0x00000000080008ec                __gtdf2
                0x00000000080008ec                __gedf2
                0x00000000080008f4                __ltdf2
                0x00000000080008f4                __ledf2
                0x00000000080008fc                __nedf2
                0x00000000080008fc                __eqdf2
                0x00000000080008fc                __cmpdf2
                0x0000000008000978                __aeabi_cdrcmple
                0x0000000008000988                __aeabi_cdcmpeq
                0x0000000008000988                __aeabi_cdcmple
                0x0000000008000998                __aeabi_dcmpeq
                0x00000000080009ac                __aeabi_dcmplt
                0x00000000080009c0                __aeabi_dcmple
                0x00000000080009d4                __aeabi_dcmpge
                0x00000000080009e8                __aeabi_dcmpgt
 .text          0x00000000080009fc       0x2c c:/st/stm32cubeide_1.12.1/stm32cubeide/plugins/com.st.stm32cube.ide.mcu.externaltools.gnu-tools-for-stm32.10.3-2021.10.win32_1.0.200.202301161003/tools/bin/../lib/gcc/arm-none-eabi/10.3.1/thumb/v7-m/nofp\libgcc.a(_arm_unorddf2.o)
                0x00000000080009fc                __unorddf2
                0x00000000080009fc                __aeabi_dcmpun
 .text          0x0000000008000a28       0x50 c:/st/stm32cubeide_1.12.1/stm32cubeide/plugins/com.st.stm32cube.ide.mcu.externaltools.gnu-tools-for-stm32.10.3-2021.10.win32_1.0.200.202301161003/tools/bin/../lib/gcc/arm-none-eabi/10.3.1/thumb/v7-m/nofp\libgcc.a(_arm_fixdfsi.o)
                0x0000000008000a28                __aeabi_d2iz
                0x0000000008000a28                __fixdfsi
 .text          0x0000000008000a78       0xa0 c:/st/stm32cubeide_1.12.1/stm32cubeide/plugins/com.st.stm32cube.ide.mcu.externaltools.gnu-tools-for-stm32.10.3-2021.10.win32_1.0.200.202301161003/tools/bin/../lib/gcc/arm-none-eabi/10.3.1/thumb/v7-m/nofp\libgcc.a(_arm_truncdfsf2.o)
                0x0000000008000a78                __truncdfsf2
                0x0000000008000a78                __aeabi_d2f
 .text          0x0000000008000b18      0x21c c:/st/stm32cubeide_1.12.1/stm32cubeide/plugins/com.st.stm32cube.ide.mcu.externaltools.gnu-tools-for-stm32.10.3-2021.10.win32_1.0.200.202301161003/tools/bin/../lib/gcc/arm-none-eabi/10.3.1/thumb/v7-m/nofp\libgcc.a(_arm_addsubsf3.o)
                0x0000000008000b18                __aeabi_frsub
                0x0000000008000b20                __subsf3
                0x0000000008000b20                __aeabi_fsub
                0x0000000008000b24                __aeabi_fadd
                0x0000000008000b24                __addsf3
                0x0000000008000c84                __aeabi_ui2f
                0x0000000008000c84                __floatunsisf
                0x0000000008000c8c                __aeabi_i2f
                0x0000000008000c8c                __floatsisf
                0x0000000008000ca8                __aeabi_ul2f
                0x0000000008000ca8                __floatundisf
                0x0000000008000cb8                __aeabi_l2f
                0x0000000008000cb8                __floatdisf
 .text          0x0000000008000d34      0x2a0 c:/st/stm32cubeide_1.12.1/stm32cubeide/plugins/com.st.stm32cube.ide.mcu.externaltools.gnu-tools-for-stm32.10.3-2021.10.win32_1.0.200.202301161003/tools/bin/../lib/gcc/arm-none-eabi/10.3.1/thumb/v7-m/nofp\libgcc.a(_arm_muldivsf3.o)
                0x0000000008000d34                __mulsf3
                0x0000000008000d34                __aeabi_fmul
                0x0000000008000e9c                __aeabi_fdiv
                0x0000000008000e9c                __divsf3
 .text          0x0000000008000fd4       0xec c:/st/stm32cubeide_1.12.1/stm32cubeide/plugins/com.st.stm32cube.ide.mcu.externaltools.gnu-tools-for-stm32.10.3-2021.10.win32_1.0.200.202301161003/tools/bin/../lib/gcc/arm-none-eabi/10.3.1/thumb/v7-m/nofp\libgcc.a(_arm_cmpsf2.o)
                0x0000000008000fd4                __gesf2
                0x0000000008000fd4                __gtsf2
                0x0000000008000fdc                __lesf2
                0x0000000008000fdc                __ltsf2
                0x0000000008000fe4                __nesf2
                0x0000000008000fe4                __eqsf2
                0x0000000008000fe4                __cmpsf2
                0x0000000008001044                __aeabi_cfrcmple
                0x000000000800104c                __aeabi_cfcmpeq
                0x000000000800104c                __aeabi_cfcmple
                0x000000000800105c                __aeabi_fcmpeq
                0x0000000008001070                __aeabi_fcmplt
                0x0000000008001084                __aeabi_fcmple
                0x0000000008001098                __aeabi_fcmpge
                0x00000000080010ac                __aeabi_fcmpgt
 .text          0x00000000080010c0       0x2c c:/st/stm32cubeide_1.12.1/stm32cubeide/plugins/com.st.stm32cube.ide.mcu.externaltools.gnu-tools-for-stm32.10.3-2021.10.win32_1.0.200.202301161003/tools/bin/../lib/gcc/arm-none-eabi/10.3.1/thumb/v7-m/nofp\libgcc.a(_arm_unordsf2.o)
                0x00000000080010c0                __unordsf2
                0x00000000080010c0                __aeabi_fcmpun
 .text          0x00000000080010ec       0x4c c:/st/stm32cubeide_1.12.1/stm32cubeide/plugins/com.st.stm32cube.ide.mcu.externaltools.gnu-tools-for-stm32.10.3-2021.10.win32_1.0.200.202301161003/tools/bin/../lib/gcc/arm-none-eabi/10.3.1/thumb/v7-m/nofp\libgcc.a(_arm_fixsfsi.o)
                0x00000000080010ec                __aeabi_f2iz
                0x00000000080010ec                __fixsfsi
 *(.text*)
 .text.setupMPU
                0x0000000008001138       0x72 ./Core/Src/imu.o
                0x0000000008001138                setupMPU
 .text.isConnectedMPU9250
                0x00000000080011aa       0x5a ./Core/Src/imu.o
                0x00000000080011aa                isConnectedMPU9250
 .text.isConnectedAK8963
                0x0000000008001204       0x26 ./Core/Src/imu.o
                0x0000000008001204                isConnectedAK8963
 .text.MPUavailable
                0x000000000800122a       0x34 ./Core/Src/imu.o
                0x000000000800122a                MPUavailable
 *fill*         0x000000000800125e        0x2 
 .text.updateMPU
                0x0000000008001260      0x17c ./Core/Src/imu.o
                0x0000000008001260                updateMPU
 *fill*         0x00000000080013dc        0x4 
 .text.update_rpy
                0x00000000080013e0      0x2b4 ./Core/Src/imu.o
                0x00000000080013e0                update_rpy
 *fill*         0x0000000008001694        0x4 
 .text.update_accel_gyro
                0x0000000008001698      0x134 ./Core/Src/imu.o
                0x0000000008001698                update_accel_gyro
 *fill*         0x00000000080017cc        0x4 
 .text.update_mag
                0x00000000080017d0      0x170 ./Core/Src/imu.o
                0x00000000080017d0                update_mag
 .text.readAccelGyro
                0x0000000008001940       0xa8 ./Core/Src/imu.o
                0x0000000008001940                readAccelGyro
 .text.readMag  0x00000000080019e8       0xac ./Core/Src/imu.o
                0x00000000080019e8                readMag
 .text.initAK8963
                0x0000000008001a94       0xf8 ./Core/Src/imu.o
                0x0000000008001a94                initAK8963
 .text.MPU9250_Init
                0x0000000008001b8c      0x118 ./Core/Src/imu.o
                0x0000000008001b8c                MPU9250_Init
 .text.getMres  0x0000000008001ca4       0x3c ./Core/Src/imu.o
                0x0000000008001ca4                getMres
 .text.getGres  0x0000000008001ce0       0x68 ./Core/Src/imu.o
                0x0000000008001ce0                getGres
 .text.getAres  0x0000000008001d48       0x60 ./Core/Src/imu.o
                0x0000000008001d48                getAres
 .text.readByte
                0x0000000008001da8       0x4c ./Core/Src/imu.o
                0x0000000008001da8                readByte
 .text.readBytes
                0x0000000008001df4       0x78 ./Core/Src/imu.o
                0x0000000008001df4                readBytes
 .text.writeByte
                0x0000000008001e6c       0x3c ./Core/Src/imu.o
                0x0000000008001e6c                writeByte
 .text.MPU9250SetDefault
                0x0000000008001ea8      0x1b0 ./Core/Src/imu.o
                0x0000000008001ea8                MPU9250SetDefault
 .text.update_madgwick
                0x0000000008002058       0x9c ./Core/Src/imu.o
                0x0000000008002058                update_madgwick
 .text.madgwick
                0x00000000080020f4     0x1b54 ./Core/Src/imu.o
                0x00000000080020f4                madgwick
 .text.kalman_1d
                0x0000000008003c48       0xe0 ./Core/Src/main.o
                0x0000000008003c48                kalman_1d
 .text.pid_equation
                0x0000000008003d28      0x13c ./Core/Src/main.o
                0x0000000008003d28                pid_equation
 .text.reset_pid
                0x0000000008003e64       0x84 ./Core/Src/main.o
                0x0000000008003e64                reset_pid
 .text.HAL_GPIO_EXTI_Callback
                0x0000000008003ee8       0xd8 ./Core/Src/main.o
                0x0000000008003ee8                HAL_GPIO_EXTI_Callback
 .text.mapValue
                0x0000000008003fc0       0x4e ./Core/Src/main.o
                0x0000000008003fc0                mapValue
 *fill*         0x000000000800400e        0x2 
 .text.calibrate_gyro
                0x0000000008004010      0x100 ./Core/Src/main.o
                0x0000000008004010                calibrate_gyro
 .text.gyro_signalen
                0x0000000008004110      0x13c ./Core/Src/main.o
                0x0000000008004110                gyro_signalen
 *fill*         0x000000000800424c        0x4 
 .text.main     0x0000000008004250      0x8d0 ./Core/Src/main.o
                0x0000000008004250                main
 .text.SystemClock_Config
                0x0000000008004b20       0x8a ./Core/Src/main.o
                0x0000000008004b20                SystemClock_Config
 *fill*         0x0000000008004baa        0x2 
 .text.MX_I2C1_Init
                0x0000000008004bac       0x5c ./Core/Src/main.o
 .text.MX_TIM2_Init
                0x0000000008004c08       0x98 ./Core/Src/main.o
 .text.MX_TIM3_Init
                0x0000000008004ca0       0xf4 ./Core/Src/main.o
 .text.MX_TIM4_Init
                0x0000000008004d94       0x9c ./Core/Src/main.o
 .text.MX_GPIO_Init
                0x0000000008004e30       0xc0 ./Core/Src/main.o
 .text.Error_Handler
                0x0000000008004ef0        0xa ./Core/Src/main.o
                0x0000000008004ef0                Error_Handler
 *fill*         0x0000000008004efa        0x2 
 .text.HAL_MspInit
                0x0000000008004efc       0x64 ./Core/Src/stm32f1xx_hal_msp.o
                0x0000000008004efc                HAL_MspInit
 .text.HAL_I2C_MspInit
                0x0000000008004f60       0xa0 ./Core/Src/stm32f1xx_hal_msp.o
                0x0000000008004f60                HAL_I2C_MspInit
 .text.HAL_TIM_Base_MspInit
                0x0000000008005000       0x60 ./Core/Src/stm32f1xx_hal_msp.o
                0x0000000008005000                HAL_TIM_Base_MspInit
 .text.HAL_TIM_PWM_MspInit
                0x0000000008005060       0x3c ./Core/Src/stm32f1xx_hal_msp.o
                0x0000000008005060                HAL_TIM_PWM_MspInit
 .text.HAL_TIM_MspPostInit
                0x000000000800509c       0x98 ./Core/Src/stm32f1xx_hal_msp.o
                0x000000000800509c                HAL_TIM_MspPostInit
 .text.NMI_Handler
                0x0000000008005134        0x6 ./Core/Src/stm32f1xx_it.o
                0x0000000008005134                NMI_Handler
 *fill*         0x000000000800513a        0x2 
 .text.HardFault_Handler
                0x000000000800513c       0x14 ./Core/Src/stm32f1xx_it.o
                0x000000000800513c                HardFault_Handler
 .text.MemManage_Handler
                0x0000000008005150        0x6 ./Core/Src/stm32f1xx_it.o
                0x0000000008005150                MemManage_Handler
 .text.BusFault_Handler
                0x0000000008005156        0x6 ./Core/Src/stm32f1xx_it.o
                0x0000000008005156                BusFault_Handler
 .text.UsageFault_Handler
                0x000000000800515c        0x6 ./Core/Src/stm32f1xx_it.o
                0x000000000800515c                UsageFault_Handler
 .text.SVC_Handler
                0x0000000008005162        0xc ./Core/Src/stm32f1xx_it.o
                0x0000000008005162                SVC_Handler
 .text.DebugMon_Handler
                0x000000000800516e        0xc ./Core/Src/stm32f1xx_it.o
                0x000000000800516e                DebugMon_Handler
 .text.PendSV_Handler
                0x000000000800517a        0xc ./Core/Src/stm32f1xx_it.o
                0x000000000800517a                PendSV_Handler
 .text.SysTick_Handler
                0x0000000008005186        0xc ./Core/Src/stm32f1xx_it.o
                0x0000000008005186                SysTick_Handler
 .text.EXTI15_10_IRQHandler
                0x0000000008005192       0x10 ./Core/Src/stm32f1xx_it.o
                0x0000000008005192                EXTI15_10_IRQHandler
 .text.SystemInit
                0x00000000080051a2        0xc ./Core/Src/system_stm32f1xx.o
                0x00000000080051a2                SystemInit
 *fill*         0x00000000080051ae        0x2 
 .text.Reset_Handler
                0x00000000080051b0       0x48 ./Core/Startup/startup_stm32f103c8tx.o
                0x00000000080051b0                Reset_Handler
 .text.Default_Handler
                0x00000000080051f8        0x2 ./Core/Startup/startup_stm32f103c8tx.o
                0x00000000080051f8                RTC_Alarm_IRQHandler
                0x00000000080051f8                EXTI2_IRQHandler
                0x00000000080051f8                TIM1_CC_IRQHandler
                0x00000000080051f8                PVD_IRQHandler
                0x00000000080051f8                EXTI3_IRQHandler
                0x00000000080051f8                EXTI0_IRQHandler
                0x00000000080051f8                I2C2_EV_IRQHandler
                0x00000000080051f8                ADC1_2_IRQHandler
                0x00000000080051f8                SPI1_IRQHandler
                0x00000000080051f8                TAMPER_IRQHandler
                0x00000000080051f8                DMA1_Channel4_IRQHandler
                0x00000000080051f8                USART3_IRQHandler
                0x00000000080051f8                RTC_IRQHandler
                0x00000000080051f8                DMA1_Channel7_IRQHandler
                0x00000000080051f8                CAN1_RX1_IRQHandler
                0x00000000080051f8                TIM4_IRQHandler
                0x00000000080051f8                I2C1_EV_IRQHandler
                0x00000000080051f8                DMA1_Channel6_IRQHandler
                0x00000000080051f8                TIM3_IRQHandler
                0x00000000080051f8                RCC_IRQHandler
                0x00000000080051f8                TIM1_TRG_COM_IRQHandler
                0x00000000080051f8                DMA1_Channel1_IRQHandler
                0x00000000080051f8                Default_Handler
                0x00000000080051f8                EXTI9_5_IRQHandler
                0x00000000080051f8                SPI2_IRQHandler
                0x00000000080051f8                DMA1_Channel5_IRQHandler
                0x00000000080051f8                EXTI4_IRQHandler
                0x00000000080051f8                USB_LP_CAN1_RX0_IRQHandler
                0x00000000080051f8                USB_HP_CAN1_TX_IRQHandler
                0x00000000080051f8                DMA1_Channel3_IRQHandler
                0x00000000080051f8                TIM1_UP_IRQHandler
                0x00000000080051f8                WWDG_IRQHandler
                0x00000000080051f8                TIM2_IRQHandler
                0x00000000080051f8                TIM1_BRK_IRQHandler
                0x00000000080051f8                EXTI1_IRQHandler
                0x00000000080051f8                USART2_IRQHandler
                0x00000000080051f8                I2C2_ER_IRQHandler
                0x00000000080051f8                DMA1_Channel2_IRQHandler
                0x00000000080051f8                CAN1_SCE_IRQHandler
                0x00000000080051f8                FLASH_IRQHandler
                0x00000000080051f8                USART1_IRQHandler
                0x00000000080051f8                I2C1_ER_IRQHandler
                0x00000000080051f8                USBWakeUp_IRQHandler
 *fill*         0x00000000080051fa        0x2 
 .text.HAL_Init
                0x00000000080051fc       0x2c ./Drivers/STM32F1xx_HAL_Driver/Src/stm32f1xx_hal.o
                0x00000000080051fc                HAL_Init
 .text.HAL_InitTick
                0x0000000008005228       0x60 ./Drivers/STM32F1xx_HAL_Driver/Src/stm32f1xx_hal.o
                0x0000000008005228                HAL_InitTick
 .text.HAL_IncTick
                0x0000000008005288       0x24 ./Drivers/STM32F1xx_HAL_Driver/Src/stm32f1xx_hal.o
                0x0000000008005288                HAL_IncTick
 .text.HAL_GetTick
                0x00000000080052ac       0x14 ./Drivers/STM32F1xx_HAL_Driver/Src/stm32f1xx_hal.o
                0x00000000080052ac                HAL_GetTick
 .text.HAL_Delay
                0x00000000080052c0       0x48 ./Drivers/STM32F1xx_HAL_Driver/Src/stm32f1xx_hal.o
                0x00000000080052c0                HAL_Delay
 .text.__NVIC_SetPriorityGrouping
                0x0000000008005308       0x48 ./Drivers/STM32F1xx_HAL_Driver/Src/stm32f1xx_hal_cortex.o
 .text.__NVIC_GetPriorityGrouping
                0x0000000008005350       0x1c ./Drivers/STM32F1xx_HAL_Driver/Src/stm32f1xx_hal_cortex.o
 .text.__NVIC_EnableIRQ
                0x000000000800536c       0x38 ./Drivers/STM32F1xx_HAL_Driver/Src/stm32f1xx_hal_cortex.o
 .text.__NVIC_SetPriority
                0x00000000080053a4       0x54 ./Drivers/STM32F1xx_HAL_Driver/Src/stm32f1xx_hal_cortex.o
 .text.NVIC_EncodePriority
                0x00000000080053f8       0x64 ./Drivers/STM32F1xx_HAL_Driver/Src/stm32f1xx_hal_cortex.o
 .text.SysTick_Config
                0x000000000800545c       0x44 ./Drivers/STM32F1xx_HAL_Driver/Src/stm32f1xx_hal_cortex.o
 .text.HAL_NVIC_SetPriorityGrouping
                0x00000000080054a0       0x16 ./Drivers/STM32F1xx_HAL_Driver/Src/stm32f1xx_hal_cortex.o
                0x00000000080054a0                HAL_NVIC_SetPriorityGrouping
 .text.HAL_NVIC_SetPriority
                0x00000000080054b6       0x38 ./Drivers/STM32F1xx_HAL_Driver/Src/stm32f1xx_hal_cortex.o
                0x00000000080054b6                HAL_NVIC_SetPriority
 .text.HAL_NVIC_EnableIRQ
                0x00000000080054ee       0x1c ./Drivers/STM32F1xx_HAL_Driver/Src/stm32f1xx_hal_cortex.o
                0x00000000080054ee                HAL_NVIC_EnableIRQ
 .text.HAL_SYSTICK_Config
                0x000000000800550a       0x18 ./Drivers/STM32F1xx_HAL_Driver/Src/stm32f1xx_hal_cortex.o
                0x000000000800550a                HAL_SYSTICK_Config
 *fill*         0x0000000008005522        0x2 
 .text.HAL_GPIO_Init
                0x0000000008005524      0x308 ./Drivers/STM32F1xx_HAL_Driver/Src/stm32f1xx_hal_gpio.o
                0x0000000008005524                HAL_GPIO_Init
 .text.HAL_GPIO_WritePin
                0x000000000800582c       0x30 ./Drivers/STM32F1xx_HAL_Driver/Src/stm32f1xx_hal_gpio.o
                0x000000000800582c                HAL_GPIO_WritePin
 .text.HAL_GPIO_TogglePin
                0x000000000800585c       0x32 ./Drivers/STM32F1xx_HAL_Driver/Src/stm32f1xx_hal_gpio.o
                0x000000000800585c                HAL_GPIO_TogglePin
 *fill*         0x000000000800588e        0x2 
 .text.HAL_GPIO_EXTI_IRQHandler
                0x0000000008005890       0x30 ./Drivers/STM32F1xx_HAL_Driver/Src/stm32f1xx_hal_gpio.o
                0x0000000008005890                HAL_GPIO_EXTI_IRQHandler
 .text.HAL_I2C_Init
                0x00000000080058c0      0x288 ./Drivers/STM32F1xx_HAL_Driver/Src/stm32f1xx_hal_i2c.o
                0x00000000080058c0                HAL_I2C_Init
 .text.HAL_I2C_Master_Transmit
                0x0000000008005b48      0x1fc ./Drivers/STM32F1xx_HAL_Driver/Src/stm32f1xx_hal_i2c.o
                0x0000000008005b48                HAL_I2C_Master_Transmit
 .text.HAL_I2C_Master_Receive
                0x0000000008005d44      0x4d8 ./Drivers/STM32F1xx_HAL_Driver/Src/stm32f1xx_hal_i2c.o
                0x0000000008005d44                HAL_I2C_Master_Receive
 .text.I2C_MasterRequestWrite
                0x000000000800621c      0x104 ./Drivers/STM32F1xx_HAL_Driver/Src/stm32f1xx_hal_i2c.o
 .text.I2C_MasterRequestRead
                0x0000000008006320      0x19c ./Drivers/STM32F1xx_HAL_Driver/Src/stm32f1xx_hal_i2c.o
 .text.I2C_WaitOnFlagUntilTimeout
                0x00000000080064bc       0xf4 ./Drivers/STM32F1xx_HAL_Driver/Src/stm32f1xx_hal_i2c.o
 .text.I2C_WaitOnMasterAddressFlagUntilTimeout
                0x00000000080065b0      0x140 ./Drivers/STM32F1xx_HAL_Driver/Src/stm32f1xx_hal_i2c.o
 .text.I2C_WaitOnTXEFlagUntilTimeout
                0x00000000080066f0       0x90 ./Drivers/STM32F1xx_HAL_Driver/Src/stm32f1xx_hal_i2c.o
 .text.I2C_WaitOnBTFFlagUntilTimeout
                0x0000000008006780       0x90 ./Drivers/STM32F1xx_HAL_Driver/Src/stm32f1xx_hal_i2c.o
 .text.I2C_WaitOnRXNEFlagUntilTimeout
                0x0000000008006810       0xba ./Drivers/STM32F1xx_HAL_Driver/Src/stm32f1xx_hal_i2c.o
 .text.I2C_IsAcknowledgeFailed
                0x00000000080068ca       0x5c ./Drivers/STM32F1xx_HAL_Driver/Src/stm32f1xx_hal_i2c.o
 *fill*         0x0000000008006926        0x2 
 .text.HAL_RCC_OscConfig
                0x0000000008006928      0x504 ./Drivers/STM32F1xx_HAL_Driver/Src/stm32f1xx_hal_rcc.o
                0x0000000008006928                HAL_RCC_OscConfig
 .text.HAL_RCC_ClockConfig
                0x0000000008006e2c      0x1d4 ./Drivers/STM32F1xx_HAL_Driver/Src/stm32f1xx_hal_rcc.o
                0x0000000008006e2c                HAL_RCC_ClockConfig
 .text.HAL_RCC_GetSysClockFreq
                0x0000000008007000       0xa8 ./Drivers/STM32F1xx_HAL_Driver/Src/stm32f1xx_hal_rcc.o
                0x0000000008007000                HAL_RCC_GetSysClockFreq
 .text.HAL_RCC_GetHCLKFreq
                0x00000000080070a8       0x14 ./Drivers/STM32F1xx_HAL_Driver/Src/stm32f1xx_hal_rcc.o
                0x00000000080070a8                HAL_RCC_GetHCLKFreq
 .text.HAL_RCC_GetPCLK1Freq
                0x00000000080070bc       0x28 ./Drivers/STM32F1xx_HAL_Driver/Src/stm32f1xx_hal_rcc.o
                0x00000000080070bc                HAL_RCC_GetPCLK1Freq
 .text.RCC_Delay
                0x00000000080070e4       0x3c ./Drivers/STM32F1xx_HAL_Driver/Src/stm32f1xx_hal_rcc.o
 .text.HAL_TIM_Base_Init
                0x0000000008007120       0x9e ./Drivers/STM32F1xx_HAL_Driver/Src/stm32f1xx_hal_tim.o
                0x0000000008007120                HAL_TIM_Base_Init
 *fill*         0x00000000080071be        0x2 
 .text.HAL_TIM_Base_Start
                0x00000000080071c0       0x94 ./Drivers/STM32F1xx_HAL_Driver/Src/stm32f1xx_hal_tim.o
                0x00000000080071c0                HAL_TIM_Base_Start
 .text.HAL_TIM_PWM_Init
                0x0000000008007254       0x9e ./Drivers/STM32F1xx_HAL_Driver/Src/stm32f1xx_hal_tim.o
                0x0000000008007254                HAL_TIM_PWM_Init
 *fill*         0x00000000080072f2        0x2 
 .text.HAL_TIM_PWM_Start
                0x00000000080072f4      0x144 ./Drivers/STM32F1xx_HAL_Driver/Src/stm32f1xx_hal_tim.o
                0x00000000080072f4                HAL_TIM_PWM_Start
 .text.HAL_TIM_PWM_ConfigChannel
                0x0000000008007438      0x184 ./Drivers/STM32F1xx_HAL_Driver/Src/stm32f1xx_hal_tim.o
                0x0000000008007438                HAL_TIM_PWM_ConfigChannel
 .text.HAL_TIM_ConfigClockSource
                0x00000000080075bc      0x18e ./Drivers/STM32F1xx_HAL_Driver/Src/stm32f1xx_hal_tim.o
                0x00000000080075bc                HAL_TIM_ConfigClockSource
 *fill*         0x000000000800774a        0x2 
 .text.TIM_Base_SetConfig
                0x000000000800774c       0xc4 ./Drivers/STM32F1xx_HAL_Driver/Src/stm32f1xx_hal_tim.o
                0x000000000800774c                TIM_Base_SetConfig
 .text.TIM_OC1_SetConfig
                0x0000000008007810       0xcc ./Drivers/STM32F1xx_HAL_Driver/Src/stm32f1xx_hal_tim.o
 .text.TIM_OC2_SetConfig
                0x00000000080078dc       0xd4 ./Drivers/STM32F1xx_HAL_Driver/Src/stm32f1xx_hal_tim.o
                0x00000000080078dc                TIM_OC2_SetConfig
 .text.TIM_OC3_SetConfig
                0x00000000080079b0       0xd4 ./Drivers/STM32F1xx_HAL_Driver/Src/stm32f1xx_hal_tim.o
 .text.TIM_OC4_SetConfig
                0x0000000008007a84       0x9c ./Drivers/STM32F1xx_HAL_Driver/Src/stm32f1xx_hal_tim.o
 .text.TIM_TI1_ConfigInputStage
                0x0000000008007b20       0x5c ./Drivers/STM32F1xx_HAL_Driver/Src/stm32f1xx_hal_tim.o
 .text.TIM_TI2_ConfigInputStage
                0x0000000008007b7c       0x5e ./Drivers/STM32F1xx_HAL_Driver/Src/stm32f1xx_hal_tim.o
 .text.TIM_ITRx_SetConfig
                0x0000000008007bda       0x34 ./Drivers/STM32F1xx_HAL_Driver/Src/stm32f1xx_hal_tim.o
 .text.TIM_ETR_SetConfig
                0x0000000008007c0e       0x3e ./Drivers/STM32F1xx_HAL_Driver/Src/stm32f1xx_hal_tim.o
                0x0000000008007c0e                TIM_ETR_SetConfig
 .text.TIM_CCxChannelCmd
                0x0000000008007c4c       0x48 ./Drivers/STM32F1xx_HAL_Driver/Src/stm32f1xx_hal_tim.o
                0x0000000008007c4c                TIM_CCxChannelCmd
 .text.HAL_TIMEx_MasterConfigSynchronization
                0x0000000008007c94       0xbc ./Drivers/STM32F1xx_HAL_Driver/Src/stm32f1xx_hal_tim_ex.o
                0x0000000008007c94                HAL_TIMEx_MasterConfigSynchronization
 .text.__errno  0x0000000008007d50        0xc c:/st/stm32cubeide_1.12.1/stm32cubeide/plugins/com.st.stm32cube.ide.mcu.externaltools.gnu-tools-for-stm32.10.3-2021.10.win32_1.0.200.202301161003/tools/bin/../lib/gcc/arm-none-eabi/10.3.1/../../../../arm-none-eabi/lib/thumb/v7-m/nofp\libc_nano.a(lib_a-errno.o)
                0x0000000008007d50                __errno
 .text.__libc_init_array
                0x0000000008007d5c       0x48 c:/st/stm32cubeide_1.12.1/stm32cubeide/plugins/com.st.stm32cube.ide.mcu.externaltools.gnu-tools-for-stm32.10.3-2021.10.win32_1.0.200.202301161003/tools/bin/../lib/gcc/arm-none-eabi/10.3.1/../../../../arm-none-eabi/lib/thumb/v7-m/nofp\libc_nano.a(lib_a-init.o)
                0x0000000008007d5c                __libc_init_array
 .text.memset   0x0000000008007da4       0x10 c:/st/stm32cubeide_1.12.1/stm32cubeide/plugins/com.st.stm32cube.ide.mcu.externaltools.gnu-tools-for-stm32.10.3-2021.10.win32_1.0.200.202301161003/tools/bin/../lib/gcc/arm-none-eabi/10.3.1/../../../../arm-none-eabi/lib/thumb/v7-m/nofp\libc_nano.a(lib_a-memset.o)
                0x0000000008007da4                memset
 .text.sqrt     0x0000000008007db4       0x48 c:/st/stm32cubeide_1.12.1/stm32cubeide/plugins/com.st.stm32cube.ide.mcu.externaltools.gnu-tools-for-stm32.10.3-2021.10.win32_1.0.200.202301161003/tools/bin/../lib/gcc/arm-none-eabi/10.3.1/../../../../arm-none-eabi/lib/thumb/v7-m/nofp\libm.a(lib_a-w_sqrt.o)
                0x0000000008007db4                sqrt
 .text.asinf    0x0000000008007dfc       0x40 c:/st/stm32cubeide_1.12.1/stm32cubeide/plugins/com.st.stm32cube.ide.mcu.externaltools.gnu-tools-for-stm32.10.3-2021.10.win32_1.0.200.202301161003/tools/bin/../lib/gcc/arm-none-eabi/10.3.1/../../../../arm-none-eabi/lib/thumb/v7-m/nofp\libm.a(lib_a-wf_asin.o)
                0x0000000008007dfc                asinf
 .text.atan2f   0x0000000008007e3c        0x4 c:/st/stm32cubeide_1.12.1/stm32cubeide/plugins/com.st.stm32cube.ide.mcu.externaltools.gnu-tools-for-stm32.10.3-2021.10.win32_1.0.200.202301161003/tools/bin/../lib/gcc/arm-none-eabi/10.3.1/../../../../arm-none-eabi/lib/thumb/v7-m/nofp\libm.a(lib_a-wf_atan2.o)
                0x0000000008007e3c                atan2f
 .text.__ieee754_sqrt
                0x0000000008007e40      0x160 c:/st/stm32cubeide_1.12.1/stm32cubeide/plugins/com.st.stm32cube.ide.mcu.externaltools.gnu-tools-for-stm32.10.3-2021.10.win32_1.0.200.202301161003/tools/bin/../lib/gcc/arm-none-eabi/10.3.1/../../../../arm-none-eabi/lib/thumb/v7-m/nofp\libm.a(lib_a-e_sqrt.o)
                0x0000000008007e40                __ieee754_sqrt
 .text.__ieee754_asinf
                0x0000000008007fa0      0x288 c:/st/stm32cubeide_1.12.1/stm32cubeide/plugins/com.st.stm32cube.ide.mcu.externaltools.gnu-tools-for-stm32.10.3-2021.10.win32_1.0.200.202301161003/tools/bin/../lib/gcc/arm-none-eabi/10.3.1/../../../../arm-none-eabi/lib/thumb/v7-m/nofp\libm.a(lib_a-ef_asin.o)
                0x0000000008007fa0                __ieee754_asinf
 .text.__ieee754_atan2f
                0x0000000008008228      0x10c c:/st/stm32cubeide_1.12.1/stm32cubeide/plugins/com.st.stm32cube.ide.mcu.externaltools.gnu-tools-for-stm32.10.3-2021.10.win32_1.0.200.202301161003/tools/bin/../lib/gcc/arm-none-eabi/10.3.1/../../../../arm-none-eabi/lib/thumb/v7-m/nofp\libm.a(lib_a-ef_atan2.o)
                0x0000000008008228                __ieee754_atan2f
 .text.__ieee754_sqrtf
                0x0000000008008334       0xa2 c:/st/stm32cubeide_1.12.1/stm32cubeide/plugins/com.st.stm32cube.ide.mcu.externaltools.gnu-tools-for-stm32.10.3-2021.10.win32_1.0.200.202301161003/tools/bin/../lib/gcc/arm-none-eabi/10.3.1/../../../../arm-none-eabi/lib/thumb/v7-m/nofp\libm.a(lib_a-ef_sqrt.o)
                0x0000000008008334                __ieee754_sqrtf
 *fill*         0x00000000080083d6        0x2 
 .text.atanf    0x00000000080083d8      0x218 c:/st/stm32cubeide_1.12.1/stm32cubeide/plugins/com.st.stm32cube.ide.mcu.externaltools.gnu-tools-for-stm32.10.3-2021.10.win32_1.0.200.202301161003/tools/bin/../lib/gcc/arm-none-eabi/10.3.1/../../../../arm-none-eabi/lib/thumb/v7-m/nofp\libm.a(lib_a-sf_atan.o)
                0x00000000080083d8                atanf
 .text.fabsf    0x00000000080085f0        0x6 c:/st/stm32cubeide_1.12.1/stm32cubeide/plugins/com.st.stm32cube.ide.mcu.externaltools.gnu-tools-for-stm32.10.3-2021.10.win32_1.0.200.202301161003/tools/bin/../lib/gcc/arm-none-eabi/10.3.1/../../../../arm-none-eabi/lib/thumb/v7-m/nofp\libm.a(lib_a-sf_fabs.o)
                0x00000000080085f0                fabsf
 *fill*         0x00000000080085f6        0x2 
 .text.nanf     0x00000000080085f8        0x8 c:/st/stm32cubeide_1.12.1/stm32cubeide/plugins/com.st.stm32cube.ide.mcu.externaltools.gnu-tools-for-stm32.10.3-2021.10.win32_1.0.200.202301161003/tools/bin/../lib/gcc/arm-none-eabi/10.3.1/../../../../arm-none-eabi/lib/thumb/v7-m/nofp\libm.a(lib_a-sf_nan.o)
                0x00000000080085f8                nanf
 *(.glue_7)
 .glue_7        0x0000000008008600        0x0 linker stubs
 *(.glue_7t)
 .glue_7t       0x0000000008008600        0x0 linker stubs
 *(.eh_frame)
 .eh_frame      0x0000000008008600        0x0 c:/st/stm32cubeide_1.12.1/stm32cubeide/plugins/com.st.stm32cube.ide.mcu.externaltools.gnu-tools-for-stm32.10.3-2021.10.win32_1.0.200.202301161003/tools/bin/../lib/gcc/arm-none-eabi/10.3.1/thumb/v7-m/nofp/crtbegin.o
 *(.init)
 .init          0x0000000008008600        0x4 c:/st/stm32cubeide_1.12.1/stm32cubeide/plugins/com.st.stm32cube.ide.mcu.externaltools.gnu-tools-for-stm32.10.3-2021.10.win32_1.0.200.202301161003/tools/bin/../lib/gcc/arm-none-eabi/10.3.1/thumb/v7-m/nofp/crti.o
                0x0000000008008600                _init
 .init          0x0000000008008604        0x8 c:/st/stm32cubeide_1.12.1/stm32cubeide/plugins/com.st.stm32cube.ide.mcu.externaltools.gnu-tools-for-stm32.10.3-2021.10.win32_1.0.200.202301161003/tools/bin/../lib/gcc/arm-none-eabi/10.3.1/thumb/v7-m/nofp/crtn.o
 *(.fini)
 .fini          0x000000000800860c        0x4 c:/st/stm32cubeide_1.12.1/stm32cubeide/plugins/com.st.stm32cube.ide.mcu.externaltools.gnu-tools-for-stm32.10.3-2021.10.win32_1.0.200.202301161003/tools/bin/../lib/gcc/arm-none-eabi/10.3.1/thumb/v7-m/nofp/crti.o
                0x000000000800860c                _fini
 .fini          0x0000000008008610        0x8 c:/st/stm32cubeide_1.12.1/stm32cubeide/plugins/com.st.stm32cube.ide.mcu.externaltools.gnu-tools-for-stm32.10.3-2021.10.win32_1.0.200.202301161003/tools/bin/../lib/gcc/arm-none-eabi/10.3.1/thumb/v7-m/nofp/crtn.o
                0x0000000008008618                . = ALIGN (0x4)
                0x0000000008008618                _etext = .

.vfp11_veneer   0x0000000008008618        0x0
 .vfp11_veneer  0x0000000008008618        0x0 linker stubs

.v4_bx          0x0000000008008618        0x0
 .v4_bx         0x0000000008008618        0x0 linker stubs

.iplt           0x0000000008008618        0x0
 .iplt          0x0000000008008618        0x0 c:/st/stm32cubeide_1.12.1/stm32cubeide/plugins/com.st.stm32cube.ide.mcu.externaltools.gnu-tools-for-stm32.10.3-2021.10.win32_1.0.200.202301161003/tools/bin/../lib/gcc/arm-none-eabi/10.3.1/thumb/v7-m/nofp/crtbegin.o

.rodata         0x0000000008008618       0x64
                0x0000000008008618                . = ALIGN (0x4)
 *(.rodata)
 *(.rodata*)
 .rodata.AHBPrescTable
                0x0000000008008618       0x10 ./Core/Src/system_stm32f1xx.o
                0x0000000008008618                AHBPrescTable
 .rodata.APBPrescTable
                0x0000000008008628        0x8 ./Core/Src/system_stm32f1xx.o
                0x0000000008008628                APBPrescTable
 .rodata.aPLLMULFactorTable.1
                0x0000000008008630       0x10 ./Drivers/STM32F1xx_HAL_Driver/Src/stm32f1xx_hal_rcc.o
 .rodata.aPredivFactorTable.0
                0x0000000008008640        0x2 ./Drivers/STM32F1xx_HAL_Driver/Src/stm32f1xx_hal_rcc.o
 .rodata.asinf.str1.1
                0x0000000008008642        0x1 c:/st/stm32cubeide_1.12.1/stm32cubeide/plugins/com.st.stm32cube.ide.mcu.externaltools.gnu-tools-for-stm32.10.3-2021.10.win32_1.0.200.202301161003/tools/bin/../lib/gcc/arm-none-eabi/10.3.1/../../../../arm-none-eabi/lib/thumb/v7-m/nofp\libm.a(lib_a-wf_asin.o)
 *fill*         0x0000000008008643        0x1 
 .rodata.CSWTCH.8
                0x0000000008008644        0xc c:/st/stm32cubeide_1.12.1/stm32cubeide/plugins/com.st.stm32cube.ide.mcu.externaltools.gnu-tools-for-stm32.10.3-2021.10.win32_1.0.200.202301161003/tools/bin/../lib/gcc/arm-none-eabi/10.3.1/../../../../arm-none-eabi/lib/thumb/v7-m/nofp\libm.a(lib_a-ef_atan2.o)
 .rodata.CSWTCH.9
                0x0000000008008650        0xc c:/st/stm32cubeide_1.12.1/stm32cubeide/plugins/com.st.stm32cube.ide.mcu.externaltools.gnu-tools-for-stm32.10.3-2021.10.win32_1.0.200.202301161003/tools/bin/../lib/gcc/arm-none-eabi/10.3.1/../../../../arm-none-eabi/lib/thumb/v7-m/nofp\libm.a(lib_a-ef_atan2.o)
 .rodata.atanhi
                0x000000000800865c       0x10 c:/st/stm32cubeide_1.12.1/stm32cubeide/plugins/com.st.stm32cube.ide.mcu.externaltools.gnu-tools-for-stm32.10.3-2021.10.win32_1.0.200.202301161003/tools/bin/../lib/gcc/arm-none-eabi/10.3.1/../../../../arm-none-eabi/lib/thumb/v7-m/nofp\libm.a(lib_a-sf_atan.o)
 .rodata.atanlo
                0x000000000800866c       0x10 c:/st/stm32cubeide_1.12.1/stm32cubeide/plugins/com.st.stm32cube.ide.mcu.externaltools.gnu-tools-for-stm32.10.3-2021.10.win32_1.0.200.202301161003/tools/bin/../lib/gcc/arm-none-eabi/10.3.1/../../../../arm-none-eabi/lib/thumb/v7-m/nofp\libm.a(lib_a-sf_atan.o)
                0x000000000800867c                . = ALIGN (0x4)

.rel.dyn        0x000000000800867c        0x0
 .rel.iplt      0x000000000800867c        0x0 c:/st/stm32cubeide_1.12.1/stm32cubeide/plugins/com.st.stm32cube.ide.mcu.externaltools.gnu-tools-for-stm32.10.3-2021.10.win32_1.0.200.202301161003/tools/bin/../lib/gcc/arm-none-eabi/10.3.1/thumb/v7-m/nofp/crtbegin.o

.ARM.extab      0x000000000800867c        0x0
                0x000000000800867c                . = ALIGN (0x4)
 *(.ARM.extab* .gnu.linkonce.armextab.*)
                0x000000000800867c                . = ALIGN (0x4)

.ARM            0x000000000800867c        0x0
                0x000000000800867c                . = ALIGN (0x4)
                0x000000000800867c                __exidx_start = .
 *(.ARM.exidx*)
                0x000000000800867c                __exidx_end = .
                0x000000000800867c                . = ALIGN (0x4)

.preinit_array  0x000000000800867c        0x0
                0x000000000800867c                . = ALIGN (0x4)
                0x000000000800867c                PROVIDE (__preinit_array_start = .)
 *(.preinit_array*)
                0x000000000800867c                PROVIDE (__preinit_array_end = .)
                0x000000000800867c                . = ALIGN (0x4)

.init_array     0x000000000800867c        0x4
                0x000000000800867c                . = ALIGN (0x4)
                0x000000000800867c                PROVIDE (__init_array_start = .)
 *(SORT_BY_NAME(.init_array.*))
 *(.init_array*)
 .init_array    0x000000000800867c        0x4 c:/st/stm32cubeide_1.12.1/stm32cubeide/plugins/com.st.stm32cube.ide.mcu.externaltools.gnu-tools-for-stm32.10.3-2021.10.win32_1.0.200.202301161003/tools/bin/../lib/gcc/arm-none-eabi/10.3.1/thumb/v7-m/nofp/crtbegin.o
                0x0000000008008680                PROVIDE (__init_array_end = .)
                0x0000000008008680                . = ALIGN (0x4)

.fini_array     0x0000000008008680        0x4
                0x0000000008008680                . = ALIGN (0x4)
                [!provide]                        PROVIDE (__fini_array_start = .)
 *(SORT_BY_NAME(.fini_array.*))
 *(.fini_array*)
 .fini_array    0x0000000008008680        0x4 c:/st/stm32cubeide_1.12.1/stm32cubeide/plugins/com.st.stm32cube.ide.mcu.externaltools.gnu-tools-for-stm32.10.3-2021.10.win32_1.0.200.202301161003/tools/bin/../lib/gcc/arm-none-eabi/10.3.1/thumb/v7-m/nofp/crtbegin.o
                [!provide]                        PROVIDE (__fini_array_end = .)
                0x0000000008008684                . = ALIGN (0x4)
                0x0000000008008684                _sidata = LOADADDR (.data)

.data           0x0000000020000000       0xa8 load address 0x0000000008008684
                0x0000000020000000                . = ALIGN (0x4)
                0x0000000020000000                _sdata = .
 *(.data)
 *(.data*)
 .data.Ascale   0x0000000020000000        0x1 ./Core/Src/imu.o
                0x0000000020000000                Ascale
 .data.Gscale   0x0000000020000001        0x1 ./Core/Src/imu.o
                0x0000000020000001                Gscale
 .data.Mscale   0x0000000020000002        0x1 ./Core/Src/imu.o
                0x0000000020000002                Mscale
 .data.Mmode    0x0000000020000003        0x1 ./Core/Src/imu.o
                0x0000000020000003                Mmode
 .data.beta     0x0000000020000004        0x4 ./Core/Src/imu.o
                0x0000000020000004                beta
 .data.KalmanUncertaintyAngleRoll
                0x0000000020000008        0x4 ./Core/Src/main.o
                0x0000000020000008                KalmanUncertaintyAngleRoll
 .data.KalmanUncertaintyAnglePitch
                0x000000002000000c        0x4 ./Core/Src/main.o
                0x000000002000000c                KalmanUncertaintyAnglePitch
 .data.PRateRoll
                0x0000000020000010        0x4 ./Core/Src/main.o
                0x0000000020000010                PRateRoll
 .data.PRatePitch
                0x0000000020000014        0x4 ./Core/Src/main.o
                0x0000000020000014                PRatePitch
 .data.PRateYaw
                0x0000000020000018        0x4 ./Core/Src/main.o
                0x0000000020000018                PRateYaw
 .data.IRateRoll
                0x000000002000001c        0x4 ./Core/Src/main.o
                0x000000002000001c                IRateRoll
 .data.IRatePitch
                0x0000000020000020        0x4 ./Core/Src/main.o
                0x0000000020000020                IRatePitch
 .data.IRateYaw
                0x0000000020000024        0x4 ./Core/Src/main.o
                0x0000000020000024                IRateYaw
 .data.DRateRoll
                0x0000000020000028        0x4 ./Core/Src/main.o
                0x0000000020000028                DRateRoll
 .data.DRatePitch
                0x000000002000002c        0x4 ./Core/Src/main.o
                0x000000002000002c                DRatePitch
 .data.PAngleRoll
                0x0000000020000030        0x4 ./Core/Src/main.o
                0x0000000020000030                PAngleRoll
 .data.PAnglePitch
                0x0000000020000034        0x4 ./Core/Src/main.o
                0x0000000020000034                PAnglePitch
 .data.SystemCoreClock
                0x0000000020000038        0x4 ./Core/Src/system_stm32f1xx.o
                0x0000000020000038                SystemCoreClock
 .data.uwTickPrio
                0x000000002000003c        0x4 ./Drivers/STM32F1xx_HAL_Driver/Src/stm32f1xx_hal.o
                0x000000002000003c                uwTickPrio
 .data.uwTickFreq
                0x0000000020000040        0x1 ./Drivers/STM32F1xx_HAL_Driver/Src/stm32f1xx_hal.o
                0x0000000020000040                uwTickFreq
 *fill*         0x0000000020000041        0x3 
 .data._impure_ptr
                0x0000000020000044        0x4 c:/st/stm32cubeide_1.12.1/stm32cubeide/plugins/com.st.stm32cube.ide.mcu.externaltools.gnu-tools-for-stm32.10.3-2021.10.win32_1.0.200.202301161003/tools/bin/../lib/gcc/arm-none-eabi/10.3.1/../../../../arm-none-eabi/lib/thumb/v7-m/nofp\libc_nano.a(lib_a-impure.o)
                0x0000000020000044                _impure_ptr
 .data.impure_data
                0x0000000020000048       0x60 c:/st/stm32cubeide_1.12.1/stm32cubeide/plugins/com.st.stm32cube.ide.mcu.externaltools.gnu-tools-for-stm32.10.3-2021.10.win32_1.0.200.202301161003/tools/bin/../lib/gcc/arm-none-eabi/10.3.1/../../../../arm-none-eabi/lib/thumb/v7-m/nofp\libc_nano.a(lib_a-impure.o)
 *(.RamFunc)
 *(.RamFunc*)
                0x00000000200000a8                . = ALIGN (0x4)
                0x00000000200000a8                _edata = .

.igot.plt       0x00000000200000a8        0x0 load address 0x000000000800872c
 .igot.plt      0x00000000200000a8        0x0 c:/st/stm32cubeide_1.12.1/stm32cubeide/plugins/com.st.stm32cube.ide.mcu.externaltools.gnu-tools-for-stm32.10.3-2021.10.win32_1.0.200.202301161003/tools/bin/../lib/gcc/arm-none-eabi/10.3.1/thumb/v7-m/nofp/crtbegin.o
                0x00000000200000a8                . = ALIGN (0x4)

.bss            0x00000000200000a8      0x330 load address 0x000000000800872c
                0x00000000200000a8                _sbss = .
                0x00000000200000a8                __bss_start__ = _sbss
 *(.bss)
 .bss           0x00000000200000a8       0x1c c:/st/stm32cubeide_1.12.1/stm32cubeide/plugins/com.st.stm32cube.ide.mcu.externaltools.gnu-tools-for-stm32.10.3-2021.10.win32_1.0.200.202301161003/tools/bin/../lib/gcc/arm-none-eabi/10.3.1/thumb/v7-m/nofp/crtbegin.o
 *(.bss*)
 *fill*         0x00000000200000c4        0x4 
 .bss.deltaT    0x00000000200000c8        0x8 ./Core/Src/imu.o
                0x00000000200000c8                deltaT
 .bss.newTime   0x00000000200000d0        0x4 ./Core/Src/imu.o
                0x00000000200000d0                newTime
 .bss.oldTime   0x00000000200000d4        0x4 ./Core/Src/imu.o
                0x00000000200000d4                oldTime
 .bss.ch        0x00000000200000d8       0x20 ./Core/Src/main.o
                0x00000000200000d8                ch
 .bss.tick      0x00000000200000f8        0x4 ./Core/Src/main.o
                0x00000000200000f8                tick
 .bss.pulse     0x00000000200000fc        0x1 ./Core/Src/main.o
                0x00000000200000fc                pulse
 *fill*         0x00000000200000fd        0x3 
 .bss.Kalman1DOutput
                0x0000000020000100        0x8 ./Core/Src/main.o
                0x0000000020000100                Kalman1DOutput
 .bss.AngleRoll
                0x0000000020000108        0x4 ./Core/Src/main.o
                0x0000000020000108                AngleRoll
 .bss.AnglePitch
                0x000000002000010c        0x4 ./Core/Src/main.o
                0x000000002000010c                AnglePitch
 .bss.KalmanAngleRoll
                0x0000000020000110        0x4 ./Core/Src/main.o
                0x0000000020000110                KalmanAngleRoll
 .bss.KalmanAnglePitch
                0x0000000020000114        0x4 ./Core/Src/main.o
                0x0000000020000114                KalmanAnglePitch
 .bss.DesiredAngleRoll
                0x0000000020000118        0x4 ./Core/Src/main.o
                0x0000000020000118                DesiredAngleRoll
 .bss.DesiredAnglePitch
                0x000000002000011c        0x4 ./Core/Src/main.o
                0x000000002000011c                DesiredAnglePitch
 .bss.DesiredRateYaw
                0x0000000020000120        0x4 ./Core/Src/main.o
                0x0000000020000120                DesiredRateYaw
 .bss.ErrorRateRoll
                0x0000000020000124        0x4 ./Core/Src/main.o
                0x0000000020000124                ErrorRateRoll
 .bss.ErrorRatePitch
                0x0000000020000128        0x4 ./Core/Src/main.o
                0x0000000020000128                ErrorRatePitch
 .bss.ErrorRateYaw
                0x000000002000012c        0x4 ./Core/Src/main.o
                0x000000002000012c                ErrorRateYaw
 .bss.InputRoll
                0x0000000020000130        0x4 ./Core/Src/main.o
                0x0000000020000130                InputRoll
 .bss.InputThrottle
                0x0000000020000134        0x4 ./Core/Src/main.o
                0x0000000020000134                InputThrottle
 .bss.InputPitch
                0x0000000020000138        0x4 ./Core/Src/main.o
                0x0000000020000138                InputPitch
 .bss.InputYaw  0x000000002000013c        0x4 ./Core/Src/main.o
                0x000000002000013c                InputYaw
 .bss.PrevErrorRateRoll
                0x0000000020000140        0x4 ./Core/Src/main.o
                0x0000000020000140                PrevErrorRateRoll
 .bss.PrevErrorRatePitch
                0x0000000020000144        0x4 ./Core/Src/main.o
                0x0000000020000144                PrevErrorRatePitch
 .bss.PrevErrorRateYaw
                0x0000000020000148        0x4 ./Core/Src/main.o
                0x0000000020000148                PrevErrorRateYaw
 .bss.PrevItermRateRoll
                0x000000002000014c        0x4 ./Core/Src/main.o
                0x000000002000014c                PrevItermRateRoll
 .bss.PrevItermRatePitch
                0x0000000020000150        0x4 ./Core/Src/main.o
                0x0000000020000150                PrevItermRatePitch
 .bss.PrevItermRateYaw
                0x0000000020000154        0x4 ./Core/Src/main.o
                0x0000000020000154                PrevItermRateYaw
 .bss.PIDReturn
                0x0000000020000158        0xc ./Core/Src/main.o
                0x0000000020000158                PIDReturn
 .bss.DRateYaw  0x0000000020000164        0x4 ./Core/Src/main.o
                0x0000000020000164                DRateYaw
 .bss.DesiredRateRoll
                0x0000000020000168        0x4 ./Core/Src/main.o
                0x0000000020000168                DesiredRateRoll
 .bss.DesiredRatePitch
                0x000000002000016c        0x4 ./Core/Src/main.o
                0x000000002000016c                DesiredRatePitch
 .bss.ErrorAngleRoll
                0x0000000020000170        0x4 ./Core/Src/main.o
                0x0000000020000170                ErrorAngleRoll
 .bss.ErrorAnglePitch
                0x0000000020000174        0x4 ./Core/Src/main.o
                0x0000000020000174                ErrorAnglePitch
 .bss.PrevErrorAngleRoll
                0x0000000020000178        0x4 ./Core/Src/main.o
                0x0000000020000178                PrevErrorAngleRoll
 .bss.PrevErrorAnglePitch
                0x000000002000017c        0x4 ./Core/Src/main.o
                0x000000002000017c                PrevErrorAnglePitch
 .bss.PrevItermAngleRoll
                0x0000000020000180        0x4 ./Core/Src/main.o
                0x0000000020000180                PrevItermAngleRoll
 .bss.PrevItermAnglePitch
                0x0000000020000184        0x4 ./Core/Src/main.o
                0x0000000020000184                PrevItermAnglePitch
 .bss.IAngleRoll
                0x0000000020000188        0x4 ./Core/Src/main.o
                0x0000000020000188                IAngleRoll
 .bss.IAnglePitch
                0x000000002000018c        0x4 ./Core/Src/main.o
                0x000000002000018c                IAnglePitch
 .bss.DAngleRoll
                0x0000000020000190        0x4 ./Core/Src/main.o
                0x0000000020000190                DAngleRoll
 .bss.DAnglePitch
                0x0000000020000194        0x4 ./Core/Src/main.o
                0x0000000020000194                DAnglePitch
 .bss.mpu       0x0000000020000198       0xc0 ./Core/Src/main.o
                0x0000000020000198                mpu
 .bss.receiver_input_channel_1
                0x0000000020000258        0x4 ./Core/Src/main.o
                0x0000000020000258                receiver_input_channel_1
 .bss.receiver_input_channel_2
                0x000000002000025c        0x4 ./Core/Src/main.o
                0x000000002000025c                receiver_input_channel_2
 .bss.receiver_input_channel_3
                0x0000000020000260        0x4 ./Core/Src/main.o
                0x0000000020000260                receiver_input_channel_3
 .bss.receiver_input_channel_4
                0x0000000020000264        0x4 ./Core/Src/main.o
                0x0000000020000264                receiver_input_channel_4
 .bss.receiver_input_channel_5
                0x0000000020000268        0x4 ./Core/Src/main.o
                0x0000000020000268                receiver_input_channel_5
 .bss.receiver_input_channel_6
                0x000000002000026c        0x4 ./Core/Src/main.o
                0x000000002000026c                receiver_input_channel_6
 .bss.throttle  0x0000000020000270        0x4 ./Core/Src/main.o
                0x0000000020000270                throttle
 .bss.cal_int   0x0000000020000274        0x4 ./Core/Src/main.o
                0x0000000020000274                cal_int
 .bss.gyro_x_cal
                0x0000000020000278        0x4 ./Core/Src/main.o
                0x0000000020000278                gyro_x_cal
 .bss.gyro_y_cal
                0x000000002000027c        0x4 ./Core/Src/main.o
                0x000000002000027c                gyro_y_cal
 .bss.gyro_z_cal
                0x0000000020000280        0x4 ./Core/Src/main.o
                0x0000000020000280                gyro_z_cal
 .bss.loop_timer
                0x0000000020000284        0x2 ./Core/Src/main.o
                0x0000000020000284                loop_timer
 .bss.gyro_x    0x0000000020000286        0x2 ./Core/Src/main.o
                0x0000000020000286                gyro_x
 .bss.gyro_y    0x0000000020000288        0x2 ./Core/Src/main.o
                0x0000000020000288                gyro_y
 .bss.gyro_z    0x000000002000028a        0x2 ./Core/Src/main.o
                0x000000002000028a                gyro_z
 .bss.gyro_roll_input
                0x000000002000028c        0x4 ./Core/Src/main.o
                0x000000002000028c                gyro_roll_input
 .bss.gyro_pitch_input
                0x0000000020000290        0x4 ./Core/Src/main.o
                0x0000000020000290                gyro_pitch_input
 .bss.gyro_yaw_input
                0x0000000020000294        0x4 ./Core/Src/main.o
                0x0000000020000294                gyro_yaw_input
 .bss.esc1      0x0000000020000298        0x4 ./Core/Src/main.o
                0x0000000020000298                esc1
 .bss.esc2      0x000000002000029c        0x4 ./Core/Src/main.o
                0x000000002000029c                esc2
 .bss.esc3      0x00000000200002a0        0x4 ./Core/Src/main.o
                0x00000000200002a0                esc3
 .bss.esc4      0x00000000200002a4        0x4 ./Core/Src/main.o
                0x00000000200002a4                esc4
 .bss.hi2c1     0x00000000200002a8       0x54 ./Core/Src/main.o
                0x00000000200002a8                hi2c1
 .bss.htim2     0x00000000200002fc       0x48 ./Core/Src/main.o
                0x00000000200002fc                htim2
 .bss.htim3     0x0000000020000344       0x48 ./Core/Src/main.o
                0x0000000020000344                htim3
 .bss.htim4     0x000000002000038c       0x48 ./Core/Src/main.o
                0x000000002000038c                htim4
 .bss.uwTick    0x00000000200003d4        0x4 ./Drivers/STM32F1xx_HAL_Driver/Src/stm32f1xx_hal.o
                0x00000000200003d4                uwTick
 *(COMMON)
                0x00000000200003d8                . = ALIGN (0x4)
                0x00000000200003d8                _ebss = .
                0x00000000200003d8                __bss_end__ = _ebss

._user_heap_stack
                0x00000000200003d8      0x600 load address 0x000000000800872c
                0x00000000200003d8                . = ALIGN (0x8)
                [!provide]                        PROVIDE (end = .)
                0x00000000200003d8                PROVIDE (_end = .)
                0x00000000200005d8                . = (. + _Min_Heap_Size)
 *fill*         0x00000000200003d8      0x200 
                0x00000000200009d8                . = (. + _Min_Stack_Size)
 *fill*         0x00000000200005d8      0x400 
                0x00000000200009d8                . = ALIGN (0x8)

/DISCARD/
 libc.a(*)
 libm.a(*)
 libgcc.a(*)

.ARM.attributes
                0x0000000000000000       0x29
 *(.ARM.attributes)
 .ARM.attributes
                0x0000000000000000       0x1d c:/st/stm32cubeide_1.12.1/stm32cubeide/plugins/com.st.stm32cube.ide.mcu.externaltools.gnu-tools-for-stm32.10.3-2021.10.win32_1.0.200.202301161003/tools/bin/../lib/gcc/arm-none-eabi/10.3.1/thumb/v7-m/nofp/crti.o
 .ARM.attributes
                0x000000000000001d       0x2d c:/st/stm32cubeide_1.12.1/stm32cubeide/plugins/com.st.stm32cube.ide.mcu.externaltools.gnu-tools-for-stm32.10.3-2021.10.win32_1.0.200.202301161003/tools/bin/../lib/gcc/arm-none-eabi/10.3.1/thumb/v7-m/nofp/crtbegin.o
 .ARM.attributes
                0x000000000000004a       0x2d ./Core/Src/imu.o
 .ARM.attributes
                0x0000000000000077       0x2d ./Core/Src/main.o
 .ARM.attributes
                0x00000000000000a4       0x2d ./Core/Src/stm32f1xx_hal_msp.o
 .ARM.attributes
                0x00000000000000d1       0x2d ./Core/Src/stm32f1xx_it.o
 .ARM.attributes
                0x00000000000000fe       0x2d ./Core/Src/system_stm32f1xx.o
 .ARM.attributes
                0x000000000000012b       0x21 ./Core/Startup/startup_stm32f103c8tx.o
 .ARM.attributes
                0x000000000000014c       0x2d ./Drivers/STM32F1xx_HAL_Driver/Src/stm32f1xx_hal.o
 .ARM.attributes
                0x0000000000000179       0x2d ./Drivers/STM32F1xx_HAL_Driver/Src/stm32f1xx_hal_cortex.o
 .ARM.attributes
                0x00000000000001a6       0x2d ./Drivers/STM32F1xx_HAL_Driver/Src/stm32f1xx_hal_gpio.o
 .ARM.attributes
                0x00000000000001d3       0x2d ./Drivers/STM32F1xx_HAL_Driver/Src/stm32f1xx_hal_i2c.o
 .ARM.attributes
                0x0000000000000200       0x2d ./Drivers/STM32F1xx_HAL_Driver/Src/stm32f1xx_hal_rcc.o
 .ARM.attributes
                0x000000000000022d       0x2d ./Drivers/STM32F1xx_HAL_Driver/Src/stm32f1xx_hal_tim.o
 .ARM.attributes
                0x000000000000025a       0x2d ./Drivers/STM32F1xx_HAL_Driver/Src/stm32f1xx_hal_tim_ex.o
 .ARM.attributes
                0x0000000000000287       0x2d c:/st/stm32cubeide_1.12.1/stm32cubeide/plugins/com.st.stm32cube.ide.mcu.externaltools.gnu-tools-for-stm32.10.3-2021.10.win32_1.0.200.202301161003/tools/bin/../lib/gcc/arm-none-eabi/10.3.1/../../../../arm-none-eabi/lib/thumb/v7-m/nofp\libc_nano.a(lib_a-errno.o)
 .ARM.attributes
                0x00000000000002b4       0x2d c:/st/stm32cubeide_1.12.1/stm32cubeide/plugins/com.st.stm32cube.ide.mcu.externaltools.gnu-tools-for-stm32.10.3-2021.10.win32_1.0.200.202301161003/tools/bin/../lib/gcc/arm-none-eabi/10.3.1/../../../../arm-none-eabi/lib/thumb/v7-m/nofp\libc_nano.a(lib_a-impure.o)
 .ARM.attributes
                0x00000000000002e1       0x2d c:/st/stm32cubeide_1.12.1/stm32cubeide/plugins/com.st.stm32cube.ide.mcu.externaltools.gnu-tools-for-stm32.10.3-2021.10.win32_1.0.200.202301161003/tools/bin/../lib/gcc/arm-none-eabi/10.3.1/../../../../arm-none-eabi/lib/thumb/v7-m/nofp\libc_nano.a(lib_a-init.o)
 .ARM.attributes
                0x000000000000030e       0x2d c:/st/stm32cubeide_1.12.1/stm32cubeide/plugins/com.st.stm32cube.ide.mcu.externaltools.gnu-tools-for-stm32.10.3-2021.10.win32_1.0.200.202301161003/tools/bin/../lib/gcc/arm-none-eabi/10.3.1/../../../../arm-none-eabi/lib/thumb/v7-m/nofp\libc_nano.a(lib_a-memset.o)
 .ARM.attributes
                0x000000000000033b       0x2d c:/st/stm32cubeide_1.12.1/stm32cubeide/plugins/com.st.stm32cube.ide.mcu.externaltools.gnu-tools-for-stm32.10.3-2021.10.win32_1.0.200.202301161003/tools/bin/../lib/gcc/arm-none-eabi/10.3.1/../../../../arm-none-eabi/lib/thumb/v7-m/nofp\libm.a(lib_a-w_sqrt.o)
 .ARM.attributes
                0x0000000000000368       0x2d c:/st/stm32cubeide_1.12.1/stm32cubeide/plugins/com.st.stm32cube.ide.mcu.externaltools.gnu-tools-for-stm32.10.3-2021.10.win32_1.0.200.202301161003/tools/bin/../lib/gcc/arm-none-eabi/10.3.1/../../../../arm-none-eabi/lib/thumb/v7-m/nofp\libm.a(lib_a-wf_asin.o)
 .ARM.attributes
                0x0000000000000395       0x2d c:/st/stm32cubeide_1.12.1/stm32cubeide/plugins/com.st.stm32cube.ide.mcu.externaltools.gnu-tools-for-stm32.10.3-2021.10.win32_1.0.200.202301161003/tools/bin/../lib/gcc/arm-none-eabi/10.3.1/../../../../arm-none-eabi/lib/thumb/v7-m/nofp\libm.a(lib_a-wf_atan2.o)
 .ARM.attributes
                0x00000000000003c2       0x2d c:/st/stm32cubeide_1.12.1/stm32cubeide/plugins/com.st.stm32cube.ide.mcu.externaltools.gnu-tools-for-stm32.10.3-2021.10.win32_1.0.200.202301161003/tools/bin/../lib/gcc/arm-none-eabi/10.3.1/../../../../arm-none-eabi/lib/thumb/v7-m/nofp\libm.a(lib_a-e_sqrt.o)
 .ARM.attributes
                0x00000000000003ef       0x2d c:/st/stm32cubeide_1.12.1/stm32cubeide/plugins/com.st.stm32cube.ide.mcu.externaltools.gnu-tools-for-stm32.10.3-2021.10.win32_1.0.200.202301161003/tools/bin/../lib/gcc/arm-none-eabi/10.3.1/../../../../arm-none-eabi/lib/thumb/v7-m/nofp\libm.a(lib_a-ef_asin.o)
 .ARM.attributes
                0x000000000000041c       0x2d c:/st/stm32cubeide_1.12.1/stm32cubeide/plugins/com.st.stm32cube.ide.mcu.externaltools.gnu-tools-for-stm32.10.3-2021.10.win32_1.0.200.202301161003/tools/bin/../lib/gcc/arm-none-eabi/10.3.1/../../../../arm-none-eabi/lib/thumb/v7-m/nofp\libm.a(lib_a-ef_atan2.o)
 .ARM.attributes
                0x0000000000000449       0x2d c:/st/stm32cubeide_1.12.1/stm32cubeide/plugins/com.st.stm32cube.ide.mcu.externaltools.gnu-tools-for-stm32.10.3-2021.10.win32_1.0.200.202301161003/tools/bin/../lib/gcc/arm-none-eabi/10.3.1/../../../../arm-none-eabi/lib/thumb/v7-m/nofp\libm.a(lib_a-ef_sqrt.o)
 .ARM.attributes
                0x0000000000000476       0x2d c:/st/stm32cubeide_1.12.1/stm32cubeide/plugins/com.st.stm32cube.ide.mcu.externaltools.gnu-tools-for-stm32.10.3-2021.10.win32_1.0.200.202301161003/tools/bin/../lib/gcc/arm-none-eabi/10.3.1/../../../../arm-none-eabi/lib/thumb/v7-m/nofp\libm.a(lib_a-sf_atan.o)
 .ARM.attributes
                0x00000000000004a3       0x2d c:/st/stm32cubeide_1.12.1/stm32cubeide/plugins/com.st.stm32cube.ide.mcu.externaltools.gnu-tools-for-stm32.10.3-2021.10.win32_1.0.200.202301161003/tools/bin/../lib/gcc/arm-none-eabi/10.3.1/../../../../arm-none-eabi/lib/thumb/v7-m/nofp\libm.a(lib_a-sf_fabs.o)
 .ARM.attributes
                0x00000000000004d0       0x2d c:/st/stm32cubeide_1.12.1/stm32cubeide/plugins/com.st.stm32cube.ide.mcu.externaltools.gnu-tools-for-stm32.10.3-2021.10.win32_1.0.200.202301161003/tools/bin/../lib/gcc/arm-none-eabi/10.3.1/../../../../arm-none-eabi/lib/thumb/v7-m/nofp\libm.a(lib_a-sf_nan.o)
 .ARM.attributes
                0x00000000000004fd       0x1d c:/st/stm32cubeide_1.12.1/stm32cubeide/plugins/com.st.stm32cube.ide.mcu.externaltools.gnu-tools-for-stm32.10.3-2021.10.win32_1.0.200.202301161003/tools/bin/../lib/gcc/arm-none-eabi/10.3.1/thumb/v7-m/nofp\libgcc.a(_arm_addsubdf3.o)
 .ARM.attributes
                0x000000000000051a       0x1d c:/st/stm32cubeide_1.12.1/stm32cubeide/plugins/com.st.stm32cube.ide.mcu.externaltools.gnu-tools-for-stm32.10.3-2021.10.win32_1.0.200.202301161003/tools/bin/../lib/gcc/arm-none-eabi/10.3.1/thumb/v7-m/nofp\libgcc.a(_arm_muldivdf3.o)
 .ARM.attributes
                0x0000000000000537       0x1d c:/st/stm32cubeide_1.12.1/stm32cubeide/plugins/com.st.stm32cube.ide.mcu.externaltools.gnu-tools-for-stm32.10.3-2021.10.win32_1.0.200.202301161003/tools/bin/../lib/gcc/arm-none-eabi/10.3.1/thumb/v7-m/nofp\libgcc.a(_arm_cmpdf2.o)
 .ARM.attributes
                0x0000000000000554       0x1d c:/st/stm32cubeide_1.12.1/stm32cubeide/plugins/com.st.stm32cube.ide.mcu.externaltools.gnu-tools-for-stm32.10.3-2021.10.win32_1.0.200.202301161003/tools/bin/../lib/gcc/arm-none-eabi/10.3.1/thumb/v7-m/nofp\libgcc.a(_arm_unorddf2.o)
 .ARM.attributes
                0x0000000000000571       0x1d c:/st/stm32cubeide_1.12.1/stm32cubeide/plugins/com.st.stm32cube.ide.mcu.externaltools.gnu-tools-for-stm32.10.3-2021.10.win32_1.0.200.202301161003/tools/bin/../lib/gcc/arm-none-eabi/10.3.1/thumb/v7-m/nofp\libgcc.a(_arm_fixdfsi.o)
 .ARM.attributes
                0x000000000000058e       0x1d c:/st/stm32cubeide_1.12.1/stm32cubeide/plugins/com.st.stm32cube.ide.mcu.externaltools.gnu-tools-for-stm32.10.3-2021.10.win32_1.0.200.202301161003/tools/bin/../lib/gcc/arm-none-eabi/10.3.1/thumb/v7-m/nofp\libgcc.a(_arm_truncdfsf2.o)
 .ARM.attributes
                0x00000000000005ab       0x1d c:/st/stm32cubeide_1.12.1/stm32cubeide/plugins/com.st.stm32cube.ide.mcu.externaltools.gnu-tools-for-stm32.10.3-2021.10.win32_1.0.200.202301161003/tools/bin/../lib/gcc/arm-none-eabi/10.3.1/thumb/v7-m/nofp\libgcc.a(_arm_addsubsf3.o)
 .ARM.attributes
                0x00000000000005c8       0x1d c:/st/stm32cubeide_1.12.1/stm32cubeide/plugins/com.st.stm32cube.ide.mcu.externaltools.gnu-tools-for-stm32.10.3-2021.10.win32_1.0.200.202301161003/tools/bin/../lib/gcc/arm-none-eabi/10.3.1/thumb/v7-m/nofp\libgcc.a(_arm_muldivsf3.o)
 .ARM.attributes
                0x00000000000005e5       0x1d c:/st/stm32cubeide_1.12.1/stm32cubeide/plugins/com.st.stm32cube.ide.mcu.externaltools.gnu-tools-for-stm32.10.3-2021.10.win32_1.0.200.202301161003/tools/bin/../lib/gcc/arm-none-eabi/10.3.1/thumb/v7-m/nofp\libgcc.a(_arm_cmpsf2.o)
 .ARM.attributes
                0x0000000000000602       0x1d c:/st/stm32cubeide_1.12.1/stm32cubeide/plugins/com.st.stm32cube.ide.mcu.externaltools.gnu-tools-for-stm32.10.3-2021.10.win32_1.0.200.202301161003/tools/bin/../lib/gcc/arm-none-eabi/10.3.1/thumb/v7-m/nofp\libgcc.a(_arm_unordsf2.o)
 .ARM.attributes
                0x000000000000061f       0x1d c:/st/stm32cubeide_1.12.1/stm32cubeide/plugins/com.st.stm32cube.ide.mcu.externaltools.gnu-tools-for-stm32.10.3-2021.10.win32_1.0.200.202301161003/tools/bin/../lib/gcc/arm-none-eabi/10.3.1/thumb/v7-m/nofp\libgcc.a(_arm_fixsfsi.o)
 .ARM.attributes
                0x000000000000063c       0x1d c:/st/stm32cubeide_1.12.1/stm32cubeide/plugins/com.st.stm32cube.ide.mcu.externaltools.gnu-tools-for-stm32.10.3-2021.10.win32_1.0.200.202301161003/tools/bin/../lib/gcc/arm-none-eabi/10.3.1/thumb/v7-m/nofp/crtn.o
OUTPUT(testpwm.elf elf32-littlearm)
LOAD linker stubs
LOAD c:/st/stm32cubeide_1.12.1/stm32cubeide/plugins/com.st.stm32cube.ide.mcu.externaltools.gnu-tools-for-stm32.10.3-2021.10.win32_1.0.200.202301161003/tools/bin/../lib/gcc/arm-none-eabi/10.3.1/../../../../arm-none-eabi/lib/thumb/v7-m/nofp\libc.a
LOAD c:/st/stm32cubeide_1.12.1/stm32cubeide/plugins/com.st.stm32cube.ide.mcu.externaltools.gnu-tools-for-stm32.10.3-2021.10.win32_1.0.200.202301161003/tools/bin/../lib/gcc/arm-none-eabi/10.3.1/../../../../arm-none-eabi/lib/thumb/v7-m/nofp\libm.a
LOAD c:/st/stm32cubeide_1.12.1/stm32cubeide/plugins/com.st.stm32cube.ide.mcu.externaltools.gnu-tools-for-stm32.10.3-2021.10.win32_1.0.200.202301161003/tools/bin/../lib/gcc/arm-none-eabi/10.3.1/thumb/v7-m/nofp\libgcc.a

.debug_info     0x0000000000000000     0xdb94
 .debug_info    0x0000000000000000     0x241a ./Core/Src/imu.o
 .debug_info    0x000000000000241a     0x1bc6 ./Core/Src/main.o
 .debug_info    0x0000000000003fe0      0xd76 ./Core/Src/stm32f1xx_hal_msp.o
 .debug_info    0x0000000000004d56      0x23e ./Core/Src/stm32f1xx_it.o
 .debug_info    0x0000000000004f94      0x23d ./Core/Src/system_stm32f1xx.o
 .debug_info    0x00000000000051d1       0x22 ./Core/Startup/startup_stm32f103c8tx.o
 .debug_info    0x00000000000051f3      0x734 ./Drivers/STM32F1xx_HAL_Driver/Src/stm32f1xx_hal.o
 .debug_info    0x0000000000005927      0xb20 ./Drivers/STM32F1xx_HAL_Driver/Src/stm32f1xx_hal_cortex.o
 .debug_info    0x0000000000006447      0x615 ./Drivers/STM32F1xx_HAL_Driver/Src/stm32f1xx_hal_gpio.o
 .debug_info    0x0000000000006a5c     0x2761 ./Drivers/STM32F1xx_HAL_Driver/Src/stm32f1xx_hal_i2c.o
 .debug_info    0x00000000000091bd      0x865 ./Drivers/STM32F1xx_HAL_Driver/Src/stm32f1xx_hal_rcc.o
 .debug_info    0x0000000000009a22     0x2bab ./Drivers/STM32F1xx_HAL_Driver/Src/stm32f1xx_hal_tim.o
 .debug_info    0x000000000000c5cd     0x15c7 ./Drivers/STM32F1xx_HAL_Driver/Src/stm32f1xx_hal_tim_ex.o

.debug_abbrev   0x0000000000000000     0x1b9e
 .debug_abbrev  0x0000000000000000      0x358 ./Core/Src/imu.o
 .debug_abbrev  0x0000000000000358      0x35b ./Core/Src/main.o
 .debug_abbrev  0x00000000000006b3      0x1f0 ./Core/Src/stm32f1xx_hal_msp.o
 .debug_abbrev  0x00000000000008a3      0x10b ./Core/Src/stm32f1xx_it.o
 .debug_abbrev  0x00000000000009ae      0x13b ./Core/Src/system_stm32f1xx.o
 .debug_abbrev  0x0000000000000ae9       0x12 ./Core/Startup/startup_stm32f103c8tx.o
 .debug_abbrev  0x0000000000000afb      0x1fb ./Drivers/STM32F1xx_HAL_Driver/Src/stm32f1xx_hal.o
 .debug_abbrev  0x0000000000000cf6      0x2ed ./Drivers/STM32F1xx_HAL_Driver/Src/stm32f1xx_hal_cortex.o
 .debug_abbrev  0x0000000000000fe3      0x1bb ./Drivers/STM32F1xx_HAL_Driver/Src/stm32f1xx_hal_gpio.o
 .debug_abbrev  0x000000000000119e      0x288 ./Drivers/STM32F1xx_HAL_Driver/Src/stm32f1xx_hal_i2c.o
 .debug_abbrev  0x0000000000001426      0x2a8 ./Drivers/STM32F1xx_HAL_Driver/Src/stm32f1xx_hal_rcc.o
 .debug_abbrev  0x00000000000016ce      0x264 ./Drivers/STM32F1xx_HAL_Driver/Src/stm32f1xx_hal_tim.o
 .debug_abbrev  0x0000000000001932      0x26c ./Drivers/STM32F1xx_HAL_Driver/Src/stm32f1xx_hal_tim_ex.o

.debug_aranges  0x0000000000000000      0xef8
 .debug_aranges
                0x0000000000000000      0x2b0 ./Core/Src/imu.o
 .debug_aranges
                0x00000000000002b0       0x90 ./Core/Src/main.o
 .debug_aranges
                0x0000000000000340       0x58 ./Core/Src/stm32f1xx_hal_msp.o
 .debug_aranges
                0x0000000000000398       0x68 ./Core/Src/stm32f1xx_it.o
 .debug_aranges
                0x0000000000000400       0x28 ./Core/Src/system_stm32f1xx.o
 .debug_aranges
                0x0000000000000428       0x28 ./Core/Startup/startup_stm32f103c8tx.o
 .debug_aranges
                0x0000000000000450       0xe0 ./Drivers/STM32F1xx_HAL_Driver/Src/stm32f1xx_hal.o
 .debug_aranges
                0x0000000000000530      0x100 ./Drivers/STM32F1xx_HAL_Driver/Src/stm32f1xx_hal_cortex.o
 .debug_aranges
                0x0000000000000630       0x58 ./Drivers/STM32F1xx_HAL_Driver/Src/stm32f1xx_hal_gpio.o
 .debug_aranges
                0x0000000000000688      0x2a8 ./Drivers/STM32F1xx_HAL_Driver/Src/stm32f1xx_hal_i2c.o
 .debug_aranges
                0x0000000000000930       0x90 ./Drivers/STM32F1xx_HAL_Driver/Src/stm32f1xx_hal_rcc.o
 .debug_aranges
                0x00000000000009c0      0x3d0 ./Drivers/STM32F1xx_HAL_Driver/Src/stm32f1xx_hal_tim.o
 .debug_aranges
                0x0000000000000d90      0x168 ./Drivers/STM32F1xx_HAL_Driver/Src/stm32f1xx_hal_tim_ex.o

.debug_ranges   0x0000000000000000      0xe48
 .debug_ranges  0x0000000000000000      0x2a0 ./Core/Src/imu.o
 .debug_ranges  0x00000000000002a0       0x80 ./Core/Src/main.o
 .debug_ranges  0x0000000000000320       0x48 ./Core/Src/stm32f1xx_hal_msp.o
 .debug_ranges  0x0000000000000368       0x58 ./Core/Src/stm32f1xx_it.o
 .debug_ranges  0x00000000000003c0       0x18 ./Core/Src/system_stm32f1xx.o
 .debug_ranges  0x00000000000003d8       0x20 ./Core/Startup/startup_stm32f103c8tx.o
 .debug_ranges  0x00000000000003f8       0xd0 ./Drivers/STM32F1xx_HAL_Driver/Src/stm32f1xx_hal.o
 .debug_ranges  0x00000000000004c8       0xf0 ./Drivers/STM32F1xx_HAL_Driver/Src/stm32f1xx_hal_cortex.o
 .debug_ranges  0x00000000000005b8       0x48 ./Drivers/STM32F1xx_HAL_Driver/Src/stm32f1xx_hal_gpio.o
 .debug_ranges  0x0000000000000600      0x2b0 ./Drivers/STM32F1xx_HAL_Driver/Src/stm32f1xx_hal_i2c.o
 .debug_ranges  0x00000000000008b0       0x80 ./Drivers/STM32F1xx_HAL_Driver/Src/stm32f1xx_hal_rcc.o
 .debug_ranges  0x0000000000000930      0x3c0 ./Drivers/STM32F1xx_HAL_Driver/Src/stm32f1xx_hal_tim.o
 .debug_ranges  0x0000000000000cf0      0x158 ./Drivers/STM32F1xx_HAL_Driver/Src/stm32f1xx_hal_tim_ex.o

.debug_macro    0x0000000000000000    0x1804f
 .debug_macro   0x0000000000000000      0x35c ./Core/Src/imu.o
 .debug_macro   0x000000000000035c      0xa6c ./Core/Src/imu.o
 .debug_macro   0x0000000000000dc8      0x21b ./Core/Src/imu.o
 .debug_macro   0x0000000000000fe3       0x2e ./Core/Src/imu.o
 .debug_macro   0x0000000000001011       0x22 ./Core/Src/imu.o
 .debug_macro   0x0000000000001033       0x22 ./Core/Src/imu.o
 .debug_macro   0x0000000000001055       0x8e ./Core/Src/imu.o
 .debug_macro   0x00000000000010e3       0x51 ./Core/Src/imu.o
 .debug_macro   0x0000000000001134      0x103 ./Core/Src/imu.o
 .debug_macro   0x0000000000001237       0x6a ./Core/Src/imu.o
 .debug_macro   0x00000000000012a1      0x1df ./Core/Src/imu.o
 .debug_macro   0x0000000000001480       0x1c ./Core/Src/imu.o
 .debug_macro   0x000000000000149c       0x22 ./Core/Src/imu.o
 .debug_macro   0x00000000000014be       0xbd ./Core/Src/imu.o
 .debug_macro   0x000000000000157b      0xd23 ./Core/Src/imu.o
 .debug_macro   0x000000000000229e     0xe09e ./Core/Src/imu.o
 .debug_macro   0x000000000001033c       0x6d ./Core/Src/imu.o
 .debug_macro   0x00000000000103a9     0x348d ./Core/Src/imu.o
 .debug_macro   0x0000000000013836      0x174 ./Core/Src/imu.o
 .debug_macro   0x00000000000139aa       0x5c ./Core/Src/imu.o
 .debug_macro   0x0000000000013a06      0x5bc ./Core/Src/imu.o
 .debug_macro   0x0000000000013fc2      0x289 ./Core/Src/imu.o
 .debug_macro   0x000000000001424b      0x1cb ./Core/Src/imu.o
 .debug_macro   0x0000000000014416      0x114 ./Core/Src/imu.o
 .debug_macro   0x000000000001452a      0x1b2 ./Core/Src/imu.o
 .debug_macro   0x00000000000146dc       0x27 ./Core/Src/imu.o
 .debug_macro   0x0000000000014703      0x136 ./Core/Src/imu.o
 .debug_macro   0x0000000000014839      0x1bc ./Core/Src/imu.o
 .debug_macro   0x00000000000149f5       0x34 ./Core/Src/imu.o
 .debug_macro   0x0000000000014a29       0x3c ./Core/Src/imu.o
 .debug_macro   0x0000000000014a65       0x57 ./Core/Src/imu.o
 .debug_macro   0x0000000000014abc       0x87 ./Core/Src/imu.o
 .debug_macro   0x0000000000014b43      0x240 ./Core/Src/imu.o
 .debug_macro   0x0000000000014d83      0x287 ./Core/Src/imu.o
 .debug_macro   0x000000000001500a      0x140 ./Core/Src/imu.o
 .debug_macro   0x000000000001514a      0x8ed ./Core/Src/imu.o
 .debug_macro   0x0000000000015a37       0x83 ./Core/Src/imu.o
 .debug_macro   0x0000000000015aba      0x385 ./Core/Src/imu.o
 .debug_macro   0x0000000000015e3f       0x52 ./Core/Src/imu.o
 .debug_macro   0x0000000000015e91       0x18 ./Core/Src/imu.o
 .debug_macro   0x0000000000015ea9       0x3c ./Core/Src/imu.o
 .debug_macro   0x0000000000015ee5       0x34 ./Core/Src/imu.o
 .debug_macro   0x0000000000015f19       0x16 ./Core/Src/imu.o
 .debug_macro   0x0000000000015f2f       0x35 ./Core/Src/imu.o
 .debug_macro   0x0000000000015f64      0x341 ./Core/Src/imu.o
 .debug_macro   0x00000000000162a5       0x10 ./Core/Src/imu.o
 .debug_macro   0x00000000000162b5       0x16 ./Core/Src/imu.o
 .debug_macro   0x00000000000162cb       0x43 ./Core/Src/imu.o
 .debug_macro   0x000000000001630e       0x34 ./Core/Src/imu.o
 .debug_macro   0x0000000000016342       0x10 ./Core/Src/imu.o
 .debug_macro   0x0000000000016352       0x58 ./Core/Src/imu.o
 .debug_macro   0x00000000000163aa       0x71 ./Core/Src/imu.o
 .debug_macro   0x000000000001641b       0x1c ./Core/Src/imu.o
 .debug_macro   0x0000000000016437      0x12a ./Core/Src/imu.o
 .debug_macro   0x0000000000016561       0x10 ./Core/Src/imu.o
 .debug_macro   0x0000000000016571       0x1c ./Core/Src/imu.o
 .debug_macro   0x000000000001658d       0x52 ./Core/Src/imu.o
 .debug_macro   0x00000000000165df       0x22 ./Core/Src/imu.o
 .debug_macro   0x0000000000016601       0x10 ./Core/Src/imu.o
 .debug_macro   0x0000000000016611       0x52 ./Core/Src/imu.o
 .debug_macro   0x0000000000016663       0xd5 ./Core/Src/imu.o
 .debug_macro   0x0000000000016738       0x1c ./Core/Src/imu.o
 .debug_macro   0x0000000000016754       0x3d ./Core/Src/imu.o
 .debug_macro   0x0000000000016791       0x16 ./Core/Src/imu.o
 .debug_macro   0x00000000000167a7      0x145 ./Core/Src/imu.o
 .debug_macro   0x00000000000168ec      0x19b ./Core/Src/imu.o
 .debug_macro   0x0000000000016a87       0x16 ./Core/Src/imu.o
 .debug_macro   0x0000000000016a9d       0x20 ./Core/Src/imu.o
 .debug_macro   0x0000000000016abd      0x393 ./Core/Src/main.o
 .debug_macro   0x0000000000016e50       0x22 ./Core/Src/main.o
 .debug_macro   0x0000000000016e72       0x16 ./Core/Src/main.o
 .debug_macro   0x0000000000016e88       0x16 ./Core/Src/main.o
 .debug_macro   0x0000000000016e9e       0x29 ./Core/Src/main.o
 .debug_macro   0x0000000000016ec7       0x1c ./Core/Src/main.o
 .debug_macro   0x0000000000016ee3      0x1ad ./Core/Src/stm32f1xx_hal_msp.o
 .debug_macro   0x0000000000017090      0x1b7 ./Core/Src/stm32f1xx_it.o
 .debug_macro   0x0000000000017247      0x1a3 ./Core/Src/system_stm32f1xx.o
 .debug_macro   0x00000000000173ea      0x1c7 ./Drivers/STM32F1xx_HAL_Driver/Src/stm32f1xx_hal.o
 .debug_macro   0x00000000000175b1      0x1a3 ./Drivers/STM32F1xx_HAL_Driver/Src/stm32f1xx_hal_cortex.o
 .debug_macro   0x0000000000017754      0x20e ./Drivers/STM32F1xx_HAL_Driver/Src/stm32f1xx_hal_gpio.o
 .debug_macro   0x0000000000017962      0x1f1 ./Drivers/STM32F1xx_HAL_Driver/Src/stm32f1xx_hal_i2c.o
 .debug_macro   0x0000000000017b53      0x1b5 ./Drivers/STM32F1xx_HAL_Driver/Src/stm32f1xx_hal_rcc.o
 .debug_macro   0x0000000000017d08      0x1a4 ./Drivers/STM32F1xx_HAL_Driver/Src/stm32f1xx_hal_tim.o
 .debug_macro   0x0000000000017eac      0x1a3 ./Drivers/STM32F1xx_HAL_Driver/Src/stm32f1xx_hal_tim_ex.o

.debug_line     0x0000000000000000    0x100fb
 .debug_line    0x0000000000000000     0x2953 ./Core/Src/imu.o
 .debug_line    0x0000000000002953      0xf7b ./Core/Src/main.o
 .debug_line    0x00000000000038ce      0x78d ./Core/Src/stm32f1xx_hal_msp.o
 .debug_line    0x000000000000405b      0x753 ./Core/Src/stm32f1xx_it.o
 .debug_line    0x00000000000047ae      0x6f7 ./Core/Src/system_stm32f1xx.o
 .debug_line    0x0000000000004ea5       0x86 ./Core/Startup/startup_stm32f103c8tx.o
 .debug_line    0x0000000000004f2b      0x924 ./Drivers/STM32F1xx_HAL_Driver/Src/stm32f1xx_hal.o
 .debug_line    0x000000000000584f      0xb0c ./Drivers/STM32F1xx_HAL_Driver/Src/stm32f1xx_hal_cortex.o
 .debug_line    0x000000000000635b      0x9bd ./Drivers/STM32F1xx_HAL_Driver/Src/stm32f1xx_hal_gpio.o
 .debug_line    0x0000000000006d18     0x3a8a ./Drivers/STM32F1xx_HAL_Driver/Src/stm32f1xx_hal_i2c.o
 .debug_line    0x000000000000a7a2      0xd30 ./Drivers/STM32F1xx_HAL_Driver/Src/stm32f1xx_hal_rcc.o
 .debug_line    0x000000000000b4d2     0x33af ./Drivers/STM32F1xx_HAL_Driver/Src/stm32f1xx_hal_tim.o
 .debug_line    0x000000000000e881     0x187a ./Drivers/STM32F1xx_HAL_Driver/Src/stm32f1xx_hal_tim_ex.o

.debug_str      0x0000000000000000    0x8c55e
 .debug_str     0x0000000000000000    0x88b37 ./Core/Src/imu.o
                                      0x88f74 (size before relaxing)
 .debug_str     0x0000000000088b37      0xf99 ./Core/Src/main.o
                                      0x89857 (size before relaxing)
 .debug_str     0x0000000000089ad0       0xff ./Core/Src/stm32f1xx_hal_msp.o
                                      0x83a14 (size before relaxing)
 .debug_str     0x0000000000089bcf       0xf7 ./Core/Src/stm32f1xx_it.o
                                      0x8326f (size before relaxing)
 .debug_str     0x0000000000089cc6       0x7e ./Core/Src/system_stm32f1xx.o
                                      0x831dc (size before relaxing)
 .debug_str     0x0000000000089d44       0x36 ./Core/Startup/startup_stm32f103c8tx.o
                                         0x6f (size before relaxing)
 .debug_str     0x0000000000089d7a      0x378 ./Drivers/STM32F1xx_HAL_Driver/Src/stm32f1xx_hal.o
                                      0x8390f (size before relaxing)
 .debug_str     0x000000000008a0f2      0x29e ./Drivers/STM32F1xx_HAL_Driver/Src/stm32f1xx_hal_cortex.o
                                      0x8385b (size before relaxing)
 .debug_str     0x000000000008a390      0x295 ./Drivers/STM32F1xx_HAL_Driver/Src/stm32f1xx_hal_gpio.o
                                      0x83562 (size before relaxing)
 .debug_str     0x000000000008a625      0xb83 ./Drivers/STM32F1xx_HAL_Driver/Src/stm32f1xx_hal_i2c.o
                                      0x842a3 (size before relaxing)
 .debug_str     0x000000000008b1a8      0x209 ./Drivers/STM32F1xx_HAL_Driver/Src/stm32f1xx_hal_rcc.o
                                      0x8360b (size before relaxing)
 .debug_str     0x000000000008b3b1      0xd1a ./Drivers/STM32F1xx_HAL_Driver/Src/stm32f1xx_hal_tim.o
                                      0x845fd (size before relaxing)
 .debug_str     0x000000000008c0cb      0x493 ./Drivers/STM32F1xx_HAL_Driver/Src/stm32f1xx_hal_tim_ex.o
                                      0x83e19 (size before relaxing)

.comment        0x0000000000000000       0x50
 .comment       0x0000000000000000       0x50 ./Core/Src/imu.o
                                         0x51 (size before relaxing)
 .comment       0x0000000000000050       0x51 ./Core/Src/main.o
 .comment       0x0000000000000050       0x51 ./Core/Src/stm32f1xx_hal_msp.o
 .comment       0x0000000000000050       0x51 ./Core/Src/stm32f1xx_it.o
 .comment       0x0000000000000050       0x51 ./Core/Src/system_stm32f1xx.o
 .comment       0x0000000000000050       0x51 ./Drivers/STM32F1xx_HAL_Driver/Src/stm32f1xx_hal.o
 .comment       0x0000000000000050       0x51 ./Drivers/STM32F1xx_HAL_Driver/Src/stm32f1xx_hal_cortex.o
 .comment       0x0000000000000050       0x51 ./Drivers/STM32F1xx_HAL_Driver/Src/stm32f1xx_hal_gpio.o
 .comment       0x0000000000000050       0x51 ./Drivers/STM32F1xx_HAL_Driver/Src/stm32f1xx_hal_i2c.o
 .comment       0x0000000000000050       0x51 ./Drivers/STM32F1xx_HAL_Driver/Src/stm32f1xx_hal_rcc.o
 .comment       0x0000000000000050       0x51 ./Drivers/STM32F1xx_HAL_Driver/Src/stm32f1xx_hal_tim.o
 .comment       0x0000000000000050       0x51 ./Drivers/STM32F1xx_HAL_Driver/Src/stm32f1xx_hal_tim_ex.o

.debug_frame    0x0000000000000000     0x46b8
 .debug_frame   0x0000000000000000      0xcc0 ./Core/Src/imu.o
 .debug_frame   0x0000000000000cc0      0x214 ./Core/Src/main.o
 .debug_frame   0x0000000000000ed4      0x144 ./Core/Src/stm32f1xx_hal_msp.o
 .debug_frame   0x0000000000001018      0x124 ./Core/Src/stm32f1xx_it.o
 .debug_frame   0x000000000000113c       0x58 ./Core/Src/system_stm32f1xx.o
 .debug_frame   0x0000000000001194      0x334 ./Drivers/STM32F1xx_HAL_Driver/Src/stm32f1xx_hal.o
 .debug_frame   0x00000000000014c8      0x428 ./Drivers/STM32F1xx_HAL_Driver/Src/stm32f1xx_hal_cortex.o
 .debug_frame   0x00000000000018f0      0x14c ./Drivers/STM32F1xx_HAL_Driver/Src/stm32f1xx_hal_gpio.o
 .debug_frame   0x0000000000001a3c      0xc84 ./Drivers/STM32F1xx_HAL_Driver/Src/stm32f1xx_hal_i2c.o
 .debug_frame   0x00000000000026c0      0x218 ./Drivers/STM32F1xx_HAL_Driver/Src/stm32f1xx_hal_rcc.o
 .debug_frame   0x00000000000028d8     0x11bc ./Drivers/STM32F1xx_HAL_Driver/Src/stm32f1xx_hal_tim.o
 .debug_frame   0x0000000000003a94      0x638 ./Drivers/STM32F1xx_HAL_Driver/Src/stm32f1xx_hal_tim_ex.o
 .debug_frame   0x00000000000040cc       0x20 c:/st/stm32cubeide_1.12.1/stm32cubeide/plugins/com.st.stm32cube.ide.mcu.externaltools.gnu-tools-for-stm32.10.3-2021.10.win32_1.0.200.202301161003/tools/bin/../lib/gcc/arm-none-eabi/10.3.1/../../../../arm-none-eabi/lib/thumb/v7-m/nofp\libc_nano.a(lib_a-errno.o)
 .debug_frame   0x00000000000040ec       0x2c c:/st/stm32cubeide_1.12.1/stm32cubeide/plugins/com.st.stm32cube.ide.mcu.externaltools.gnu-tools-for-stm32.10.3-2021.10.win32_1.0.200.202301161003/tools/bin/../lib/gcc/arm-none-eabi/10.3.1/../../../../arm-none-eabi/lib/thumb/v7-m/nofp\libc_nano.a(lib_a-init.o)
 .debug_frame   0x0000000000004118       0x20 c:/st/stm32cubeide_1.12.1/stm32cubeide/plugins/com.st.stm32cube.ide.mcu.externaltools.gnu-tools-for-stm32.10.3-2021.10.win32_1.0.200.202301161003/tools/bin/../lib/gcc/arm-none-eabi/10.3.1/../../../../arm-none-eabi/lib/thumb/v7-m/nofp\libc_nano.a(lib_a-memset.o)
 .debug_frame   0x0000000000004138       0x30 c:/st/stm32cubeide_1.12.1/stm32cubeide/plugins/com.st.stm32cube.ide.mcu.externaltools.gnu-tools-for-stm32.10.3-2021.10.win32_1.0.200.202301161003/tools/bin/../lib/gcc/arm-none-eabi/10.3.1/../../../../arm-none-eabi/lib/thumb/v7-m/nofp\libm.a(lib_a-w_sqrt.o)
 .debug_frame   0x0000000000004168       0x38 c:/st/stm32cubeide_1.12.1/stm32cubeide/plugins/com.st.stm32cube.ide.mcu.externaltools.gnu-tools-for-stm32.10.3-2021.10.win32_1.0.200.202301161003/tools/bin/../lib/gcc/arm-none-eabi/10.3.1/../../../../arm-none-eabi/lib/thumb/v7-m/nofp\libm.a(lib_a-wf_asin.o)
 .debug_frame   0x00000000000041a0       0x20 c:/st/stm32cubeide_1.12.1/stm32cubeide/plugins/com.st.stm32cube.ide.mcu.externaltools.gnu-tools-for-stm32.10.3-2021.10.win32_1.0.200.202301161003/tools/bin/../lib/gcc/arm-none-eabi/10.3.1/../../../../arm-none-eabi/lib/thumb/v7-m/nofp\libm.a(lib_a-wf_atan2.o)
 .debug_frame   0x00000000000041c0       0x30 c:/st/stm32cubeide_1.12.1/stm32cubeide/plugins/com.st.stm32cube.ide.mcu.externaltools.gnu-tools-for-stm32.10.3-2021.10.win32_1.0.200.202301161003/tools/bin/../lib/gcc/arm-none-eabi/10.3.1/../../../../arm-none-eabi/lib/thumb/v7-m/nofp\libm.a(lib_a-e_sqrt.o)
 .debug_frame   0x00000000000041f0       0x34 c:/st/stm32cubeide_1.12.1/stm32cubeide/plugins/com.st.stm32cube.ide.mcu.externaltools.gnu-tools-for-stm32.10.3-2021.10.win32_1.0.200.202301161003/tools/bin/../lib/gcc/arm-none-eabi/10.3.1/../../../../arm-none-eabi/lib/thumb/v7-m/nofp\libm.a(lib_a-ef_asin.o)
 .debug_frame   0x0000000000004224       0x3c c:/st/stm32cubeide_1.12.1/stm32cubeide/plugins/com.st.stm32cube.ide.mcu.externaltools.gnu-tools-for-stm32.10.3-2021.10.win32_1.0.200.202301161003/tools/bin/../lib/gcc/arm-none-eabi/10.3.1/../../../../arm-none-eabi/lib/thumb/v7-m/nofp\libm.a(lib_a-ef_atan2.o)
 .debug_frame   0x0000000000004260       0x2c c:/st/stm32cubeide_1.12.1/stm32cubeide/plugins/com.st.stm32cube.ide.mcu.externaltools.gnu-tools-for-stm32.10.3-2021.10.win32_1.0.200.202301161003/tools/bin/../lib/gcc/arm-none-eabi/10.3.1/../../../../arm-none-eabi/lib/thumb/v7-m/nofp\libm.a(lib_a-ef_sqrt.o)
 .debug_frame   0x000000000000428c       0x30 c:/st/stm32cubeide_1.12.1/stm32cubeide/plugins/com.st.stm32cube.ide.mcu.externaltools.gnu-tools-for-stm32.10.3-2021.10.win32_1.0.200.202301161003/tools/bin/../lib/gcc/arm-none-eabi/10.3.1/../../../../arm-none-eabi/lib/thumb/v7-m/nofp\libm.a(lib_a-sf_atan.o)
 .debug_frame   0x00000000000042bc       0x20 c:/st/stm32cubeide_1.12.1/stm32cubeide/plugins/com.st.stm32cube.ide.mcu.externaltools.gnu-tools-for-stm32.10.3-2021.10.win32_1.0.200.202301161003/tools/bin/../lib/gcc/arm-none-eabi/10.3.1/../../../../arm-none-eabi/lib/thumb/v7-m/nofp\libm.a(lib_a-sf_fabs.o)
 .debug_frame   0x00000000000042dc       0x20 c:/st/stm32cubeide_1.12.1/stm32cubeide/plugins/com.st.stm32cube.ide.mcu.externaltools.gnu-tools-for-stm32.10.3-2021.10.win32_1.0.200.202301161003/tools/bin/../lib/gcc/arm-none-eabi/10.3.1/../../../../arm-none-eabi/lib/thumb/v7-m/nofp\libm.a(lib_a-sf_nan.o)
 .debug_frame   0x00000000000042fc       0xac c:/st/stm32cubeide_1.12.1/stm32cubeide/plugins/com.st.stm32cube.ide.mcu.externaltools.gnu-tools-for-stm32.10.3-2021.10.win32_1.0.200.202301161003/tools/bin/../lib/gcc/arm-none-eabi/10.3.1/thumb/v7-m/nofp\libgcc.a(_arm_addsubdf3.o)
 .debug_frame   0x00000000000043a8       0x50 c:/st/stm32cubeide_1.12.1/stm32cubeide/plugins/com.st.stm32cube.ide.mcu.externaltools.gnu-tools-for-stm32.10.3-2021.10.win32_1.0.200.202301161003/tools/bin/../lib/gcc/arm-none-eabi/10.3.1/thumb/v7-m/nofp\libgcc.a(_arm_muldivdf3.o)
 .debug_frame   0x00000000000043f8       0xc4 c:/st/stm32cubeide_1.12.1/stm32cubeide/plugins/com.st.stm32cube.ide.mcu.externaltools.gnu-tools-for-stm32.10.3-2021.10.win32_1.0.200.202301161003/tools/bin/../lib/gcc/arm-none-eabi/10.3.1/thumb/v7-m/nofp\libgcc.a(_arm_cmpdf2.o)
 .debug_frame   0x00000000000044bc       0x20 c:/st/stm32cubeide_1.12.1/stm32cubeide/plugins/com.st.stm32cube.ide.mcu.externaltools.gnu-tools-for-stm32.10.3-2021.10.win32_1.0.200.202301161003/tools/bin/../lib/gcc/arm-none-eabi/10.3.1/thumb/v7-m/nofp\libgcc.a(_arm_unorddf2.o)
 .debug_frame   0x00000000000044dc       0x24 c:/st/stm32cubeide_1.12.1/stm32cubeide/plugins/com.st.stm32cube.ide.mcu.externaltools.gnu-tools-for-stm32.10.3-2021.10.win32_1.0.200.202301161003/tools/bin/../lib/gcc/arm-none-eabi/10.3.1/thumb/v7-m/nofp\libgcc.a(_arm_fixdfsi.o)
 .debug_frame   0x0000000000004500       0x24 c:/st/stm32cubeide_1.12.1/stm32cubeide/plugins/com.st.stm32cube.ide.mcu.externaltools.gnu-tools-for-stm32.10.3-2021.10.win32_1.0.200.202301161003/tools/bin/../lib/gcc/arm-none-eabi/10.3.1/thumb/v7-m/nofp\libgcc.a(_arm_truncdfsf2.o)