../Core/Src/imu.c:33:9:setupMPU	16	static
../Core/Src/imu.c:68:6:calibrate	16	static
../Core/Src/imu.c:84:6:sleep	24	static
../Core/Src/imu.c:94:9:isConnectedMPU9250	16	static
../Core/Src/imu.c:101:9:isConnectedAK8963	16	static
../Core/Src/imu.c:105:9:MPUisConnected	16	static
../Core/Src/imu.c:110:9:MPUisSleeping	16	static
../Core/Src/imu.c:114:9:MPUavailable	16	static
../Core/Src/imu.c:118:9:updateMPU	80	static
../Core/Src/imu.c:159:7:getRoll	16	static
../Core/Src/imu.c:160:7:getPitch	16	static
../Core/Src/imu.c:161:7:getYaw	16	static
../Core/Src/imu.c:163:7:getEulerX	16	static
../Core/Src/imu.c:164:7:getEulerY	16	static
../Core/Src/imu.c:165:7:getEulerZ	16	static
../Core/Src/imu.c:167:7:getQuaternionX	16	static
../Core/Src/imu.c:168:7:getQuaternionY	16	static
../Core/Src/imu.c:169:7:getQuaternionZ	16	static
../Core/Src/imu.c:170:7:getQuaternionW	16	static
../Core/Src/imu.c:172:7:getAcc	16	static
../Core/Src/imu.c:173:7:getGyro	16	static
../Core/Src/imu.c:174:7:getMag	16	static
../Core/Src/imu.c:175:7:getLinearAcc	16	static
../Core/Src/imu.c:177:7:getAccX	16	static
../Core/Src/imu.c:178:7:getAccY	16	static
../Core/Src/imu.c:179:7:getAccZ	16	static
../Core/Src/imu.c:180:7:getGyroX	16	static
../Core/Src/imu.c:181:7:getGyroY	16	static
../Core/Src/imu.c:182:7:getGyroZ	16	static
../Core/Src/imu.c:183:7:getMagX	16	static
../Core/Src/imu.c:184:7:getMagY	16	static
../Core/Src/imu.c:185:7:getMagZ	16	static
../Core/Src/imu.c:186:7:getLinearAccX	16	static
../Core/Src/imu.c:187:7:getLinearAccY	16	static
../Core/Src/imu.c:188:7:getLinearAccZ	16	static
../Core/Src/imu.c:189:7:getAccBias	16	static
../Core/Src/imu.c:190:7:getGyroBias	16	static
../Core/Src/imu.c:191:7:getMagBias	16	static
../Core/Src/imu.c:192:7:getMagScale	16	static
../Core/Src/imu.c:193:7:getAccBiasX	16	static
../Core/Src/imu.c:194:7:getAccBiasY	16	static
../Core/Src/imu.c:195:7:getAccBiasZ	16	static
../Core/Src/imu.c:196:7:getGyroBiasX	16	static
../Core/Src/imu.c:197:7:getGyroBiasY	16	static
../Core/Src/imu.c:198:7:getGyroBiasZ	16	static
../Core/Src/imu.c:199:7:getMagBiasX	16	static
../Core/Src/imu.c:200:7:getMagBiasY	16	static
../Core/Src/imu.c:201:7:getMagBiasZ	16	static
../Core/Src/imu.c:202:7:getMagScaleX	16	static
../Core/Src/imu.c:203:7:getMagScaleY	16	static
../Core/Src/imu.c:204:7:getMagScaleZ	16	static
../Core/Src/imu.c:205:7:getTemperature	16	static
../Core/Src/imu.c:207:6:setAccBias	24	static
../Core/Src/imu.c:213:6:setGyroBias	24	static
../Core/Src/imu.c:219:6:setMagBias	24	static
../Core/Src/imu.c:224:6:setMagScale	24	static
../Core/Src/imu.c:230:6:setMagneticDeclination	16	static
../Core/Src/imu.c:234:6:update_rpy	56	static
../Core/Src/imu.c:269:6:update_accel_gyro	32	static
../Core/Src/imu.c:287:6:update_mag	40	static
../Core/Src/imu.c:302:6:readAccelGyro	32	static
../Core/Src/imu.c:317:9:readMag	32	static
../Core/Src/imu.c:339:6:calibrate_acc_gyro_impl	16	static
../Core/Src/imu.c:348:6:set_acc_gyro_to_calibration	8	static
../Core/Src/imu.c:380:6:collect_acc_gyro_data_to	64	static
../Core/Src/imu.c:418:6:write_accel_offset	56	static
../Core/Src/imu.c:463:6:write_gyro_offset	24	static
../Core/Src/imu.c:482:6:calibrate_mag_impl	24	static
../Core/Src/imu.c:495:6:collect_mag_data_to	80	static
../Core/Src/imu.c:549:6:setFilterIterations	16	static
../Core/Src/imu.c:554:6:initAK8963	24	static
../Core/Src/imu.c:575:6:MPU9250_Init	24	static
../Core/Src/imu.c:643:6:getMres	16	static
../Core/Src/imu.c:658:6:getGres	16	static
../Core/Src/imu.c:680:6:getAres	16	static
../Core/Src/imu.c:702:6:readByte	32	static
../Core/Src/imu.c:715:6:readBytes	48	static
../Core/Src/imu.c:730:6:writeByte	32	static
../Core/Src/imu.c:738:6:MPU9250SetDefault	16	static
../Core/Src/imu.c:800:6:update_madgwick	56	static
../Core/Src/imu.c:809:6:madgwick	440	static
../Core/Src/imu.c:912:6:MPU9250SelfTest	176	static
../Core/Src/imu.c:1022:6:calibrateMPU9250	136	static
