../Core/Src/main.c:156:6:HAL_GPIO_EXTI_Callback	32	static
../Core/Src/main.c:186:5:mapValue	24	static
../Core/Src/main.c:192:6:calibrate_gyro	8	static
../Core/Src/main.c:211:6:gyro_signalen	8	static
../Core/Src/main.c:262:5:main	32	static
../Core/Src/main.c:552:6:SystemClock_Config	72	static
../Core/Src/main.c:592:13:MX_I2C1_Init	8	static
../Core/Src/main.c:626:13:MX_TIM2_Init	32	static
../Core/Src/main.c:671:13:MX_TIM3_Init	48	static
../Core/Src/main.c:732:13:MX_TIM4_Init	32	static
../Core/Src/main.c:777:13:MX_GPIO_Init	40	static
../Core/Src/main.c:820:6:Error_Handler	4	static,ignoring_inline_asm
