../Core/Src/main.c:164:6:HAL_GPIO_EXTI_Callback	32	static
../Core/Src/main.c:194:5:mapValue	24	static
../Core/Src/main.c:200:6:calibrate_gyro	8	static
../Core/Src/main.c:219:6:gyro_signalen	8	static
../Core/Src/main.c:273:5:main	32	static
../Core/Src/main.c:580:6:SystemClock_Config	72	static
../Core/Src/main.c:620:13:MX_I2C1_Init	8	static
../Core/Src/main.c:654:13:MX_TIM2_Init	32	static
../Core/Src/main.c:699:13:MX_TIM3_Init	48	static
../Core/Src/main.c:760:13:MX_TIM4_Init	32	static
../Core/Src/main.c:805:13:MX_GPIO_Init	40	static
../Core/Src/main.c:848:6:Error_Handler	4	static,ignoring_inline_asm
